Archive member included because of file (symbol)

c:/users/eko henfri/dropbox/er2c.share/er2c robot education/program/adroit/adroit projects/tools/avr8-gnu-toolchain/bin/../lib/gcc/avr/4.8.1/avr51\libgcc.a(_udivmodqi4.o)
                              obj\Release\16. Simple Balancing dengan DMP\main.o (__udivmodqi4)
c:/users/eko henfri/dropbox/er2c.share/er2c robot education/program/adroit/adroit projects/tools/avr8-gnu-toolchain/bin/../lib/gcc/avr/4.8.1/avr51\libgcc.a(_udivmodhi4.o)
                              obj\Release\16. Simple Balancing dengan DMP\main.o (__udivmodhi4)
c:/users/eko henfri/dropbox/er2c.share/er2c robot education/program/adroit/adroit projects/tools/avr8-gnu-toolchain/bin/../lib/gcc/avr/4.8.1/avr51\libgcc.a(_divmodhi4.o)
                              obj\Release\16. Simple Balancing dengan DMP\main.o (__divmodhi4)
c:/users/eko henfri/dropbox/er2c.share/er2c robot education/program/adroit/adroit projects/tools/avr8-gnu-toolchain/bin/../lib/gcc/avr/4.8.1/avr51\libgcc.a(_udivmodsi4.o)
                              obj\Release\16. Simple Balancing dengan DMP\main.o (__udivmodsi4)
c:/users/eko henfri/dropbox/er2c.share/er2c robot education/program/adroit/adroit projects/tools/avr8-gnu-toolchain/bin/../lib/gcc/avr/4.8.1/avr51\libgcc.a(_exit.o)
                              c:/users/eko henfri/dropbox/er2c.share/er2c robot education/program/adroit/adroit projects/tools/avr8-gnu-toolchain/bin/../lib/gcc/avr/4.8.1/../../../../avr/lib/avr51/crtm128.o (exit)
c:/users/eko henfri/dropbox/er2c.share/er2c robot education/program/adroit/adroit projects/tools/avr8-gnu-toolchain/bin/../lib/gcc/avr/4.8.1/avr51\libgcc.a(_copy_data.o)
                              obj\Release\16. Simple Balancing dengan DMP\main.o (__do_copy_data)
c:/users/eko henfri/dropbox/er2c.share/er2c robot education/program/adroit/adroit projects/tools/avr8-gnu-toolchain/bin/../lib/gcc/avr/4.8.1/avr51\libgcc.a(_clear_bss.o)
                              obj\Release\16. Simple Balancing dengan DMP\main.o (__do_clear_bss)
c:/users/eko henfri/dropbox/er2c.share/er2c robot education/program/adroit/adroit projects/tools/avr8-gnu-toolchain/bin/../lib/gcc/avr/4.8.1/avr51\libgcc.a(_ctors.o)
                              obj\Release\16. Simple Balancing dengan DMP\main.o (__do_global_ctors)
c:/users/eko henfri/dropbox/er2c.share/er2c robot education/program/adroit/adroit projects/tools/avr8-gnu-toolchain/bin/../lib/gcc/avr/4.8.1/avr51\libgcc.a(_tablejump_elpm.o)
                              c:/users/eko henfri/dropbox/er2c.share/er2c robot education/program/adroit/adroit projects/tools/avr8-gnu-toolchain/bin/../lib/gcc/avr/4.8.1/avr51\libgcc.a(_ctors.o) (__tablejump_elpm__)
c:/users/eko henfri/dropbox/er2c.share/er2c robot education/program/adroit/adroit projects/tools/avr8-gnu-toolchain/bin/../lib/gcc/avr/4.8.1/../../../../avr/lib/avr51\libm.a(addsf3.o)
                              obj\Release\16. Simple Balancing dengan DMP\main.o (__subsf3)
c:/users/eko henfri/dropbox/er2c.share/er2c robot education/program/adroit/adroit projects/tools/avr8-gnu-toolchain/bin/../lib/gcc/avr/4.8.1/../../../../avr/lib/avr51\libm.a(addsf3x.o)
                              c:/users/eko henfri/dropbox/er2c.share/er2c robot education/program/adroit/adroit projects/tools/avr8-gnu-toolchain/bin/../lib/gcc/avr/4.8.1/../../../../avr/lib/avr51\libm.a(addsf3.o) (__addsf3x)
c:/users/eko henfri/dropbox/er2c.share/er2c robot education/program/adroit/adroit projects/tools/avr8-gnu-toolchain/bin/../lib/gcc/avr/4.8.1/../../../../avr/lib/avr51\libm.a(atan2.o)
                              obj\Release\16. Simple Balancing dengan DMP\main.o (atan2)
c:/users/eko henfri/dropbox/er2c.share/er2c robot education/program/adroit/adroit projects/tools/avr8-gnu-toolchain/bin/../lib/gcc/avr/4.8.1/../../../../avr/lib/avr51\libm.a(atan.o)
                              c:/users/eko henfri/dropbox/er2c.share/er2c robot education/program/adroit/adroit projects/tools/avr8-gnu-toolchain/bin/../lib/gcc/avr/4.8.1/../../../../avr/lib/avr51\libm.a(atan2.o) (atan)
c:/users/eko henfri/dropbox/er2c.share/er2c robot education/program/adroit/adroit projects/tools/avr8-gnu-toolchain/bin/../lib/gcc/avr/4.8.1/../../../../avr/lib/avr51\libm.a(cmpsf2.o)
                              obj\Release\16. Simple Balancing dengan DMP\main.o (__ltsf2)
c:/users/eko henfri/dropbox/er2c.share/er2c robot education/program/adroit/adroit projects/tools/avr8-gnu-toolchain/bin/../lib/gcc/avr/4.8.1/../../../../avr/lib/avr51\libm.a(divsf3.o)
                              obj\Release\16. Simple Balancing dengan DMP\main.o (__divsf3)
c:/users/eko henfri/dropbox/er2c.share/er2c robot education/program/adroit/adroit projects/tools/avr8-gnu-toolchain/bin/../lib/gcc/avr/4.8.1/../../../../avr/lib/avr51\libm.a(divsf3x.o)
[...]
Memory Configuration

Name             Origin             Length             Attributes
text             0x00000000         0x00020000         xr
data             0x00800100         0x0000ff00         rw !x
eeprom           0x00810000         0x00010000         rw !x
fuse             0x00820000         0x00000400         rw !x
lock             0x00830000         0x00000400         rw !x
signature        0x00840000         0x00000400         rw !x
user_signatures  0x00850000         0x00000400         rw !x
*default*        0x00000000         0xffffffff

Linker script and memory map

Address of section .data set to 0x800100
LOAD c:/users/eko henfri/dropbox/er2c.share/er2c robot education/program/adroit/adroit projects/tools/avr8-gnu-toolchain/bin/../lib/gcc/avr/4.8.1/../../../../avr/lib/avr51/crtm128.o
LOAD obj\Release\16. Simple Balancing dengan DMP\main.o
LOAD c:/users/eko henfri/dropbox/er2c.share/er2c robot education/program/adroit/adroit projects/tools/avr8-gnu-toolchain/bin/../lib/gcc/avr/4.8.1/avr51\libgcc.a
LOAD c:/users/eko henfri/dropbox/er2c.share/er2c robot education/program/adroit/adroit projects/tools/avr8-gnu-toolchain/bin/../lib/gcc/avr/4.8.1/../../../../avr/lib/avr51\libm.a
START GROUP
LOAD c:/users/eko henfri/dropbox/er2c.share/er2c robot education/program/adroit/adroit projects/tools/avr8-gnu-toolchain/bin/../lib/gcc/avr/4.8.1/avr51\libgcc.a
LOAD c:/users/eko henfri/dropbox/er2c.share/er2c robot education/program/adroit/adroit projects/tools/avr8-gnu-toolchain/bin/../lib/gcc/avr/4.8.1/../../../../avr/lib/avr51\libm.a
LOAD c:/users/eko henfri/dropbox/er2c.share/er2c robot education/program/adroit/adroit projects/tools/avr8-gnu-toolchain/bin/../lib/gcc/avr/4.8.1/../../../../avr/lib/avr51\libc.a
END GROUP

.hash
 *(.hash)

.dynsym
 *(.dynsym)

.dynstr
 *(.dynstr)

.gnu.version
 *(.gnu.version)

.gnu.version_d
 *(.gnu.version_d)

.gnu.version_r
 *(.gnu.version_r)

.rel.init
 *(.rel.init)

.rela.init
 *(.rela.init)

.rel.text
 *(.rel.text)
 *(.rel.text.*)
 *(.rel.gnu.linkonce.t*)

.rela.text
 *(.rela.text)
 *(.rela.text.*)
 *(.rela.gnu.linkonce.t*)

.rel.fini
 *(.rel.fini)

.rela.fini
 *(.rela.fini)

.rel.rodata
 *(.rel.rodata)
 *(.rel.rodata.*)
 *(.rel.gnu.linkonce.r*)

.rela.rodata
 *(.rela.rodata)
 *(.rela.rodata.*)
 *(.rela.gnu.linkonce.r*)

.rel.data
 *(.rel.data)
 *(.rel.data.*)
 *(.rel.gnu.linkonce.d*)

.rela.data
 *(.rela.data)
 *(.rela.data.*)
 *(.rela.gnu.linkonce.d*)

.rel.ctors
 *(.rel.ctors)

.rela.ctors
 *(.rela.ctors)

.rel.dtors
 *(.rel.dtors)

.rela.dtors
 *(.rela.dtors)

.rel.got
 *(.rel.got)

.rela.got
 *(.rela.got)

.rel.bss
 *(.rel.bss)

.rela.bss
 *(.rela.bss)

.rel.plt
 *(.rel.plt)

.rela.plt
 *(.rela.plt)

.text           0x00000000     0x3520
 *(.vectors)
 .vectors       0x00000000       0x8c c:/users/eko henfri/dropbox/er2c.share/er2c robot education/program/adroit/adroit projects/tools/avr8-gnu-toolchain/bin/../lib/gcc/avr/4.8.1/../../../../avr/lib/avr51/crtm128.o
                0x00000000                __vector_default
                0x00000000                __vectors
 *(.vectors)
 *(.progmem.gcc*)
 .progmem.gcc_fplib
                0x0000008c       0x2d c:/users/eko henfri/dropbox/er2c.share/er2c robot education/program/adroit/adroit projects/tools/avr8-gnu-toolchain/bin/../lib/gcc/avr/4.8.1/../../../../avr/lib/avr51\libm.a(atan.o)
                0x000000ba                . = ALIGN (0x2)
 *fill*         0x000000b9        0x1 
                0x000000ba                __trampolines_start = .
 *(.trampolines)
 .trampolines   0x000000ba        0x0 linker stubs
 *(.trampolines*)
                0x000000ba                __trampolines_end = .
 *(.progmem*)
 .progmem.data  0x000000ba      0x82e obj\Release\16. Simple Balancing dengan DMP\main.o
                0x000008e8                . = ALIGN (0x2)
 *(.jumptables)
 *(.jumptables*)
 *(.lowtext)
 *(.lowtext*)
                0x000008e8                __ctors_start = .
 *(.ctors)
 .ctors         0x000008e8        0x2 obj\Release\16. Simple Balancing dengan DMP\main.o
                0x000008ea                __ctors_end = .
                0x000008ea                __dtors_start = .
 *(.dtors)
                0x000008ea                __dtors_end = .
 SORT(*)(.ctors)
 SORT(*)(.dtors)
 *(.init0)
 .init0         0x000008ea        0x0 c:/users/eko henfri/dropbox/er2c.share/er2c robot education/program/adroit/adroit projects/tools/avr8-gnu-toolchain/bin/../lib/gcc/avr/4.8.1/../../../../avr/lib/avr51/crtm128.o
                0x000008ea                __init
 *(.init0)
 *(.init1)
 *(.init1)
 *(.init2)
 .init2         0x000008ea        0xc c:/users/eko henfri/dropbox/er2c.share/er2c robot education/program/adroit/adroit projects/tools/avr8-gnu-toolchain/bin/../lib/gcc/avr/4.8.1/../../../../avr/lib/avr51/crtm128.o
 *(.init2)
 *(.init3)
 *(.init3)
 *(.init4)
 .init4         0x000008f6       0x1a c:/users/eko henfri/dropbox/er2c.share/er2c robot education/program/adroit/adroit projects/tools/avr8-gnu-toolchain/bin/../lib/gcc/avr/4.8.1/avr51\libgcc.a(_copy_data.o)
                0x000008f6                __do_copy_data
 .init4         0x00000910       0x10 c:/users/eko henfri/dropbox/er2c.share/er2c robot education/program/adroit/adroit projects/tools/avr8-gnu-toolchain/bin/../lib/gcc/avr/4.8.1/avr51\libgcc.a(_clear_bss.o)
                0x00000910                __do_clear_bss
 *(.init4)
 *(.init5)
 *(.init5)
 *(.init6)
 .init6         0x00000920       0x20 c:/users/eko henfri/dropbox/er2c.share/er2c robot education/program/adroit/adroit projects/tools/avr8-gnu-toolchain/bin/../lib/gcc/avr/4.8.1/avr51\libgcc.a(_ctors.o)
                0x00000920                __do_global_ctors
 *(.init6)
 *(.init7)
 *(.init7)
 *(.init8)
 *(.init8)
 *(.init9)
 .init9         0x00000940        0x8 c:/users/eko henfri/dropbox/er2c.share/er2c robot education/program/adroit/adroit projects/tools/avr8-gnu-toolchain/bin/../lib/gcc/avr/4.8.1/../../../../avr/lib/avr51/crtm128.o
 *(.init9)
 *(.text)
 .text          0x00000948        0x4 c:/users/eko henfri/dropbox/er2c.share/er2c robot education/program/adroit/adroit projects/tools/avr8-gnu-toolchain/bin/../lib/gcc/avr/4.8.1/../../../../avr/lib/avr51/crtm128.o
                0x00000948                __vector_22
                0x00000948                __vector_1
                0x00000948                __vector_32
                0x00000948                __vector_34
                0x00000948                __vector_24
                0x00000948                __vector_12
                0x00000948                __bad_interrupt
                0x00000948                __vector_6
                0x00000948                __vector_31
                0x00000948                __vector_3
                0x00000948                __vector_23
                0x00000948                __vector_25
                0x00000948                __vector_13
                0x00000948                __vector_17
                0x00000948                __vector_19
                0x00000948                __vector_27
                0x00000948                __vector_5
                0x00000948                __vector_33
                0x00000948                __vector_4
                0x00000948                __vector_2
                0x00000948                __vector_21
                0x00000948                __vector_15
                0x00000948                __vector_29
                0x00000948                __vector_26
                0x00000948                __vector_10
                0x00000948                __vector_16
                0x00000948                __vector_18
                0x00000948                __vector_20
                0x0000094c                . = ALIGN (0x2)
 *(.text.*)
 .text._ZN5myLCD9BackLightEh.part.5
                0x0000094c        0x8 obj\Release\16. Simple Balancing dengan DMP\main.o
 .text._Z8delay_msj
                0x00000954       0x14 obj\Release\16. Simple Balancing dengan DMP\main.o
                0x00000954                _Z8delay_msj
 .text.__vector_30
                0x00000968       0x84 obj\Release\16. Simple Balancing dengan DMP\main.o
                0x00000968                __vector_30
 .text._ZN7myServoC2Ev
                0x000009ec       0x16 obj\Release\16. Simple Balancing dengan DMP\main.o
                0x000009ec                _ZN7myServoC1Ev
                0x000009ec                _ZN7myServoC2Ev
 .text._ZN7myMotorC2Ev
                0x00000a02       0x1c obj\Release\16. Simple Balancing dengan DMP\main.o
                0x00000a02                _ZN7myMotorC1Ev
                0x00000a02                _ZN7myMotorC2Ev
 .text._ZN7myMotor8SpeedPWMEii
                0x00000a1e       0x42 obj\Release\16. Simple Balancing dengan DMP\main.o
                0x00000a1e                _ZN7myMotor8SpeedPWMEii
 .text._ZN8myBuzzer3OffEv
                0x00000a60        0x8 obj\Release\16. Simple Balancing dengan DMP\main.o
                0x00000a60                _ZN8myBuzzer3OffEv
 .text._ZN8myBuzzer12SetFrekwensiEj
                0x00000a68       0x80 obj\Release\16. Simple Balancing dengan DMP\main.o
                0x00000a68                _ZN8myBuzzer12SetFrekwensiEj
 .text._ZN8myBuzzer4BeepEjj
                0x00000ae8       0x24 obj\Release\16. Simple Balancing dengan DMP\main.o
                0x00000ae8                _ZN8myBuzzer4BeepEjj
 .text._ZN8myBuzzer5Nada1Ev
                0x00000b0c       0x6a obj\Release\16. Simple Balancing dengan DMP\main.o
                0x00000b0c                _ZN8myBuzzer5Nada1Ev
 .text._ZN8myBuzzer5Nada2Ev
                0x00000b76       0x6a obj\Release\16. Simple Balancing dengan DMP\main.o
                0x00000b76                _ZN8myBuzzer5Nada2Ev
 .text._ZN8myBuzzer9NadaErrorEv
                0x00000be0       0x56 obj\Release\16. Simple Balancing dengan DMP\main.o
                0x00000be0                _ZN8myBuzzer9NadaErrorEv
 .text._ZN5myLCD7InitCmdEh
                0x00000c36       0x12 obj\Release\16. Simple Balancing dengan DMP\main.o
                0x00000c36                _ZN5myLCD7InitCmdEh
 .text._ZN5myLCD8PerintahEh
                0x00000c48       0x56 obj\Release\16. Simple Balancing dengan DMP\main.o
                0x00000c48                _ZN5myLCD8PerintahEh
 .text._ZN5myLCD4DataEh
                0x00000c9e       0x52 obj\Release\16. Simple Balancing dengan DMP\main.o
                0x00000c9e                _ZN5myLCD4DataEh
 .text._ZN5myLCD4InitEv
                0x00000cf0       0x96 obj\Release\16. Simple Balancing dengan DMP\main.o
                0x00000cf0                _ZN5myLCD4InitEv
 .text._ZN5myLCD6GotoXYEhh
                0x00000d86        0xe obj\Release\16. Simple Balancing dengan DMP\main.o
                0x00000d86                _ZN5myLCD6GotoXYEhh
 .text._ZN5myLCD4TextEPKc
                0x00000d94       0x24 obj\Release\16. Simple Balancing dengan DMP\main.o
                0x00000d94                _ZN5myLCD4TextEPKc
 .text._ZN5myLCD5TulisEhPKc
                0x00000db8       0x24 obj\Release\16. Simple Balancing dengan DMP\main.o
                0x00000db8                _ZN5myLCD5TulisEhPKc
 .text._ZN5myLCD5HapusEv
                0x00000ddc       0x14 obj\Release\16. Simple Balancing dengan DMP\main.o
                0x00000ddc                _ZN5myLCD5HapusEv
 .text._ZN5myLCD10HapusBarisEh
                0x00000df0       0x26 obj\Release\16. Simple Balancing dengan DMP\main.o
                0x00000df0                _ZN5myLCD10HapusBarisEh
 .text._ZN5myLCD9TulisKiriEhPKc
                0x00000e16       0x62 obj\Release\16. Simple Balancing dengan DMP\main.o
                0x00000e16                _ZN5myLCD9TulisKiriEhPKc
 .text._ZN5myLCD7Angka3uEj
                0x00000e78       0x5e obj\Release\16. Simple Balancing dengan DMP\main.o
                0x00000e78                _ZN5myLCD7Angka3uEj
 .text._ZN5myLCD7Angka4uEj
                0x00000ed6       0x2e obj\Release\16. Simple Balancing dengan DMP\main.o
                0x00000ed6                _ZN5myLCD7Angka4uEj
 .text._ZN5myLCD7Angka5uEj
                0x00000f04       0x2e obj\Release\16. Simple Balancing dengan DMP\main.o
                0x00000f04                _ZN5myLCD7Angka5uEj
 .text._ZN5myLCD5FloatEfh
                0x00000f32      0x1e2 obj\Release\16. Simple Balancing dengan DMP\main.o
                0x00000f32                _ZN5myLCD5FloatEfh
 .text._ZN5myLCD9BackLightEh
                0x00001114        0xe obj\Release\16. Simple Balancing dengan DMP\main.o
                0x00001114                _ZN5myLCD9BackLightEh
 .text._ZN5myADC4BacaEh
                0x00001122       0x20 obj\Release\16. Simple Balancing dengan DMP\main.o
                0x00001122                _ZN5myADC4BacaEh
 .text._ZN5myADC10BacaBatereEv
                0x00001142       0x1e obj\Release\16. Simple Balancing dengan DMP\main.o
                0x00001142                _ZN5myADC10BacaBatereEv
 .text._ZN5myADC9CekBatereEv
                0x00001160       0xae obj\Release\16. Simple Balancing dengan DMP\main.o
                0x00001160                _ZN5myADC9CekBatereEv
 .text._ZN5myI2C5StartEh
                0x0000120e       0x46 obj\Release\16. Simple Balancing dengan DMP\main.o
                0x0000120e                _ZN5myI2C5StartEh
 .text._ZN5myI2C4StopEv
                0x00001254       0x10 obj\Release\16. Simple Balancing dengan DMP\main.o
                0x00001254                _ZN5myI2C4StopEv
 .text._ZN5myI2C5WriteEh
                0x00001264       0x22 obj\Release\16. Simple Balancing dengan DMP\main.o
                0x00001264                _ZN5myI2C5WriteEh
 .text._ZN5myI2C7ReadAckEv
                0x00001286       0x14 obj\Release\16. Simple Balancing dengan DMP\main.o
                0x00001286                _ZN5myI2C7ReadAckEv
 .text._ZN5myI2C7ReadNakEv
                0x0000129a       0x14 obj\Release\16. Simple Balancing dengan DMP\main.o
                0x0000129a                _ZN5myI2C7ReadNakEv
 .text._ZN5myI2C9ReadBytesEhhhPh.part.8
                0x000012ae       0x86 obj\Release\16. Simple Balancing dengan DMP\main.o
 .text._ZN5myI2C9ReadBytesEhhhPh
                0x00001334       0x10 obj\Release\16. Simple Balancing dengan DMP\main.o
                0x00001334                _ZN5myI2C9ReadBytesEhhhPh
 .text._ZN5myI2C8ReadByteEhhPh
                0x00001344       0x60 obj\Release\16. Simple Balancing dengan DMP\main.o
                0x00001344                _ZN5myI2C8ReadByteEhhPh
 .text._ZN5myI2C9WriteByteEhhh
                0x000013a4       0x3e obj\Release\16. Simple Balancing dengan DMP\main.o
                0x000013a4                _ZN5myI2C9WriteByteEhhh
 .text._ZN5myI2C9WriteBitsEhhhhh.part.10
                0x000013e2       0x8c obj\Release\16. Simple Balancing dengan DMP\main.o
 .text._ZN5myI2C10WriteBytesEhhhPh
                0x0000146e       0x80 obj\Release\16. Simple Balancing dengan DMP\main.o
                0x0000146e                _ZN5myI2C10WriteBytesEhhhPh
 .text._ZN5myI2C8WriteBitEhhhh
                0x000014ee       0x68 obj\Release\16. Simple Balancing dengan DMP\main.o
                0x000014ee                _ZN5myI2C8WriteBitEhhhh
 .text._ZN7MPU60507setRateEh
                0x00001556       0x10 obj\Release\16. Simple Balancing dengan DMP\main.o
                0x00001556                _ZN7MPU60507setRateEh
 .text._ZN7MPU605020setExternalFrameSyncEh
                0x00001566       0x1e obj\Release\16. Simple Balancing dengan DMP\main.o
                0x00001566                _ZN7MPU605020setExternalFrameSyncEh
 .text._ZN7MPU605011setDLPFModeEh
                0x00001584       0x1e obj\Release\16. Simple Balancing dengan DMP\main.o
                0x00001584                _ZN7MPU605011setDLPFModeEh
 .text._ZN7MPU605021setFullScaleGyroRangeEh
                0x000015a2       0x1e obj\Release\16. Simple Balancing dengan DMP\main.o
                0x000015a2                _ZN7MPU605021setFullScaleGyroRangeEh
 .text._ZN7MPU605027setMotionDetectionThresholdEh
                0x000015c0       0x10 obj\Release\16. Simple Balancing dengan DMP\main.o
                0x000015c0                _ZN7MPU605027setMotionDetectionThresholdEh
 .text._ZN7MPU605026setMotionDetectionDurationEh
                0x000015d0       0x10 obj\Release\16. Simple Balancing dengan DMP\main.o
                0x000015d0                _ZN7MPU605026setMotionDetectionDurationEh
 .text._ZN7MPU605031setZeroMotionDetectionThresholdEh
                0x000015e0       0x10 obj\Release\16. Simple Balancing dengan DMP\main.o
                0x000015e0                _ZN7MPU605031setZeroMotionDetectionThresholdEh
 .text._ZN7MPU605030setZeroMotionDetectionDurationEh
                0x000015f0       0x10 obj\Release\16. Simple Balancing dengan DMP\main.o
                0x000015f0                _ZN7MPU605030setZeroMotionDetectionDurationEh
 .text._ZN7MPU605013setIntEnabledEh
                0x00001600       0x10 obj\Release\16. Simple Balancing dengan DMP\main.o
                0x00001600                _ZN7MPU605013setIntEnabledEh
 .text._ZN7MPU605014setFIFOEnabledEh
                0x00001610       0x18 obj\Release\16. Simple Balancing dengan DMP\main.o
                0x00001610                _ZN7MPU605014setFIFOEnabledEh
 .text._ZN7MPU605023setI2CMasterModeEnabledEh
                0x00001628       0x18 obj\Release\16. Simple Balancing dengan DMP\main.o
                0x00001628                _ZN7MPU605023setI2CMasterModeEnabledEh
 .text._ZN7MPU60509resetFIFOEv
                0x00001640       0x18 obj\Release\16. Simple Balancing dengan DMP\main.o
                0x00001640                _ZN7MPU60509resetFIFOEv
 .text._ZN7MPU605014resetI2CMasterEv
                0x00001658       0x18 obj\Release\16. Simple Balancing dengan DMP\main.o
                0x00001658                _ZN7MPU605014resetI2CMasterEv
 .text._ZN7MPU60505resetEv
                0x00001670       0x18 obj\Release\16. Simple Balancing dengan DMP\main.o
                0x00001670                _ZN7MPU60505resetEv
 .text._ZN7MPU605015setSleepEnabledEh
                0x00001688       0x18 obj\Release\16. Simple Balancing dengan DMP\main.o
                0x00001688                _ZN7MPU605015setSleepEnabledEh
 .text._ZN7MPU605014setClockSourceEh
                0x000016a0       0x1e obj\Release\16. Simple Balancing dengan DMP\main.o
                0x000016a0                _ZN7MPU605014setClockSourceEh
 .text._ZN7MPU605012getFIFOCountEv
                0x000016be       0x4c obj\Release\16. Simple Balancing dengan DMP\main.o
                0x000016be                _ZN7MPU605012getFIFOCountEv
 .text._ZN7MPU605012getFIFOBytesEPhh
                0x0000170a       0x1c obj\Release\16. Simple Balancing dengan DMP\main.o
                0x0000170a                _ZN7MPU605012getFIFOBytesEPhh
 .text._ZN7MPU605015setOTPBankValidEh
                0x00001726       0x18 obj\Release\16. Simple Balancing dengan DMP\main.o
                0x00001726                _ZN7MPU605015setOTPBankValidEh
 .text._ZN7MPU605013setDMPEnabledEh
                0x0000173e       0x18 obj\Release\16. Simple Balancing dengan DMP\main.o
                0x0000173e                _ZN7MPU605013setDMPEnabledEh
 .text._ZN7MPU60508resetDMPEv
                0x00001756       0x18 obj\Release\16. Simple Balancing dengan DMP\main.o
                0x00001756                _ZN7MPU60508resetDMPEv
 .text._ZN7MPU605013setMemoryBankEhhh
                0x0000176e       0x1a obj\Release\16. Simple Balancing dengan DMP\main.o
                0x0000176e                _ZN7MPU605013setMemoryBankEhhh
 .text._ZN7MPU605021setMemoryStartAddressEh
                0x00001788       0x10 obj\Release\16. Simple Balancing dengan DMP\main.o
                0x00001788                _ZN7MPU605021setMemoryStartAddressEh
 .text._ZN7MPU605015readMemoryBlockEPhjhh
                0x00001798       0xd0 obj\Release\16. Simple Balancing dengan DMP\main.o
                0x00001798                _ZN7MPU605015readMemoryBlockEPhjhh
 .text._ZN7MPU605016writeMemoryBlockEPKhjhhhh
                0x00001868      0x1d2 obj\Release\16. Simple Balancing dengan DMP\main.o
                0x00001868                _ZN7MPU605016writeMemoryBlockEPKhjhhhh
 .text._ZN7MPU605020writeProgMemoryBlockEPKhjhhh
                0x00001a3a       0x16 obj\Release\16. Simple Balancing dengan DMP\main.o
                0x00001a3a                _ZN7MPU605020writeProgMemoryBlockEPKhjhhh
 .text._ZN7MPU605024writeDMPConfigurationSetEPKhjh
                0x00001a50      0x176 obj\Release\16. Simple Balancing dengan DMP\main.o
                0x00001a50                _ZN7MPU605024writeDMPConfigurationSetEPKhjh
 .text._ZN7MPU605028writeProgDMPConfigurationSetEPKhj
                0x00001bc6        0x6 obj\Release\16. Simple Balancing dengan DMP\main.o
                0x00001bc6                _ZN7MPU605028writeProgDMPConfigurationSetEPKhj
 .text._ZN7MPU605013setDMPConfig1Eh
                0x00001bcc       0x10 obj\Release\16. Simple Balancing dengan DMP\main.o
                0x00001bcc                _ZN7MPU605013setDMPConfig1Eh
 .text._ZN7MPU605013setDMPConfig2Eh
                0x00001bdc       0x10 obj\Release\16. Simple Balancing dengan DMP\main.o
                0x00001bdc                _ZN7MPU605013setDMPConfig2Eh
 .text._ZN5myDMP21dmpGetQuaternion16BitEv
                0x00001bec      0x1b4 obj\Release\16. Simple Balancing dengan DMP\main.o
                0x00001bec                _ZN5myDMP21dmpGetQuaternion16BitEv
 .text._ZN5myDMP14dmpGetGyroDataEv
                0x00001da0       0x1c obj\Release\16. Simple Balancing dengan DMP\main.o
                0x00001da0                _ZN5myDMP14dmpGetGyroDataEv
 .text._ZN5myDMP8getPitchEv
                0x00001dbc      0x184 obj\Release\16. Simple Balancing dengan DMP\main.o
                0x00001dbc                _ZN5myDMP8getPitchEv
 .text._ZN5myDMP7InitDMPEv
                0x00001f40      0x3dc obj\Release\16. Simple Balancing dengan DMP\main.o
                0x00001f40                _ZN5myDMP7InitDMPEv
 .text._ZN11myBalancing4StopEv
                0x0000231c       0x16 obj\Release\16. Simple Balancing dengan DMP\main.o
                0x0000231c                _ZN11myBalancing4StopEv
 .text._ZN11myBalancing7ControlEv
                0x00002332      0x262 obj\Release\16. Simple Balancing dengan DMP\main.o
                0x00002332                _ZN11myBalancing7ControlEv
 .text.__vector_7
                0x00002594       0x4e obj\Release\16. Simple Balancing dengan DMP\main.o
                0x00002594                __vector_7
 .text.__vector_8
                0x000025e2       0x4e obj\Release\16. Simple Balancing dengan DMP\main.o
                0x000025e2                __vector_8
 .text.__vector_28
                0x00002630       0x44 obj\Release\16. Simple Balancing dengan DMP\main.o
                0x00002630                __vector_28
 .text.__vector_11
                0x00002674       0x36 obj\Release\16. Simple Balancing dengan DMP\main.o
                0x00002674                __vector_11
 .text.__vector_14
                0x000026aa       0xb8 obj\Release\16. Simple Balancing dengan DMP\main.o
                0x000026aa                __vector_14
 .text.__vector_9
                0x00002762       0x66 obj\Release\16. Simple Balancing dengan DMP\main.o
                0x00002762                __vector_9
 .text._Z10SystemInitv
                0x000027c8      0x204 obj\Release\16. Simple Balancing dengan DMP\main.o
                0x000027c8                _Z10SystemInitv
 .text.startup.main
                0x000029cc       0xd0 obj\Release\16. Simple Balancing dengan DMP\main.o
                0x000029cc                main
 .text.startup._GLOBAL__sub_I__Z8delay_msj
                0x00002a9c       0x28 obj\Release\16. Simple Balancing dengan DMP\main.o
 .text.libgcc.div
                0x00002ac4       0x18 c:/users/eko henfri/dropbox/er2c.share/er2c robot education/program/adroit/adroit projects/tools/avr8-gnu-toolchain/bin/../lib/gcc/avr/4.8.1/avr51\libgcc.a(_udivmodqi4.o)
                0x00002ac4                __udivmodqi4
 .text.libgcc.div
                0x00002adc       0x28 c:/users/eko henfri/dropbox/er2c.share/er2c robot education/program/adroit/adroit projects/tools/avr8-gnu-toolchain/bin/../lib/gcc/avr/4.8.1/avr51\libgcc.a(_udivmodhi4.o)
                0x00002adc                __udivmodhi4
 .text.libgcc.div
                0x00002b04       0x28 c:/users/eko henfri/dropbox/er2c.share/er2c robot education/program/adroit/adroit projects/tools/avr8-gnu-toolchain/bin/../lib/gcc/avr/4.8.1/avr51\libgcc.a(_divmodhi4.o)
                0x00002b04                _div
                0x00002b04                __divmodhi4
 .text.libgcc.div
                0x00002b2c       0x44 c:/users/eko henfri/dropbox/er2c.share/er2c robot education/program/adroit/adroit projects/tools/avr8-gnu-toolchain/bin/../lib/gcc/avr/4.8.1/avr51\libgcc.a(_udivmodsi4.o)
                0x00002b2c                __udivmodsi4
 .text.libgcc   0x00002b70        0x8 c:/users/eko henfri/dropbox/er2c.share/er2c robot education/program/adroit/adroit projects/tools/avr8-gnu-toolchain/bin/../lib/gcc/avr/4.8.1/avr51\libgcc.a(_tablejump_elpm.o)
                0x00002b70                __tablejump_elpm__
 .text.avr-libc.fplib
                0x00002b78        0xa c:/users/eko henfri/dropbox/er2c.share/er2c robot education/program/adroit/adroit projects/tools/avr8-gnu-toolchain/bin/../lib/gcc/avr/4.8.1/../../../../avr/lib/avr51\libm.a(addsf3.o)
                0x00002b78                __subsf3
                0x00002b7a                __addsf3
 .text.avr-libc.fplib
                0x00002b82       0xc0 c:/users/eko henfri/dropbox/er2c.share/er2c robot education/program/adroit/adroit projects/tools/avr8-gnu-toolchain/bin/../lib/gcc/avr/4.8.1/../../../../avr/lib/avr51\libm.a(addsf3x.o)
                0x00002b9c                __addsf3x
 .text.avr-libc.fplib
                0x00002c42       0x74 c:/users/eko henfri/dropbox/er2c.share/er2c robot education/program/adroit/adroit projects/tools/avr8-gnu-toolchain/bin/../lib/gcc/avr/4.8.1/../../../../avr/lib/avr51\libm.a(atan2.o)
                0x00002c60                atan2
 .text.avr-libc.fplib
                0x00002cb6       0x50 c:/users/eko henfri/dropbox/er2c.share/er2c robot education/program/adroit/adroit projects/tools/avr8-gnu-toolchain/bin/../lib/gcc/avr/4.8.1/../../../../avr/lib/avr51\libm.a(atan.o)
                0x00002cb6                atan
 .text.avr-libc.fplib
                0x00002d06        0x8 c:/users/eko henfri/dropbox/er2c.share/er2c robot education/program/adroit/adroit projects/tools/avr8-gnu-toolchain/bin/../lib/gcc/avr/4.8.1/../../../../avr/lib/avr51\libm.a(cmpsf2.o)
                0x00002d06                __nesf2
                0x00002d06                __eqsf2
                0x00002d06                __cmpsf2
                0x00002d06                __ltsf2
                0x00002d06                __lesf2
 .text.avr-libc.fplib
                0x00002d0e        0x4 c:/users/eko henfri/dropbox/er2c.share/er2c robot education/program/adroit/adroit projects/tools/avr8-gnu-toolchain/bin/../lib/gcc/avr/4.8.1/../../../../avr/lib/avr51\libm.a(divsf3.o)
                0x00002d0e                __divsf3
 .text.avr-libc.fplib
                0x00002d12       0xcc c:/users/eko henfri/dropbox/er2c.share/er2c robot education/program/adroit/adroit projects/tools/avr8-gnu-toolchain/bin/../lib/gcc/avr/4.8.1/../../../../avr/lib/avr51\libm.a(divsf3x.o)
                0x00002d28                __divsf3x
                0x00002d2c                __divsf3_pse
 .text.avr-libc.fplib
                0x00002dde        0xa c:/users/eko henfri/dropbox/er2c.share/er2c robot education/program/adroit/adroit projects/tools/avr8-gnu-toolchain/bin/../lib/gcc/avr/4.8.1/../../../../avr/lib/avr51\libm.a(fixsfsi.o)
                0x00002dde                __fixsfsi
 .text.avr-libc.fplib
                0x00002de8       0x58 c:/users/eko henfri/dropbox/er2c.share/er2c robot education/program/adroit/adroit projects/tools/avr8-gnu-toolchain/bin/../lib/gcc/avr/4.8.1/../../../../avr/lib/avr51\libm.a(fixunssfsi.o)
                0x00002de8                __fixunssfsi
 .text.avr-libc.fplib
                0x00002e40       0x7a c:/users/eko henfri/dropbox/er2c.share/er2c robot education/program/adroit/adroit projects/tools/avr8-gnu-toolchain/bin/../lib/gcc/avr/4.8.1/../../../../avr/lib/avr51\libm.a(floatsisf.o)
                0x00002e40                __floatunsisf
                0x00002e44                __floatsisf
 .text.avr-libc.fplib
                0x00002eba       0x48 c:/users/eko henfri/dropbox/er2c.share/er2c robot education/program/adroit/adroit projects/tools/avr8-gnu-toolchain/bin/../lib/gcc/avr/4.8.1/../../../../avr/lib/avr51\libm.a(fp_cmp.o)
                0x00002eba                __fp_cmp
 .text.avr-libc.fplib
                0x00002f02        0xc c:/users/eko henfri/dropbox/er2c.share/er2c robot education/program/adroit/adroit projects/tools/avr8-gnu-toolchain/bin/../lib/gcc/avr/4.8.1/../../../../avr/lib/avr51\libm.a(fp_inf.o)
                0x00002f02                __fp_inf
 .text.avr-libc.fplib
                0x00002f0e        0x6 c:/users/eko henfri/dropbox/er2c.share/er2c robot education/program/adroit/adroit projects/tools/avr8-gnu-toolchain/bin/../lib/gcc/avr/4.8.1/../../../../avr/lib/avr51\libm.a(fp_nan.o)
                0x00002f0e                __fp_nan
 .text.avr-libc.fplib
                0x00002f14       0x4a c:/users/eko henfri/dropbox/er2c.share/er2c robot education/program/adroit/adroit projects/tools/avr8-gnu-toolchain/bin/../lib/gcc/avr/4.8.1/../../../../avr/lib/avr51\libm.a(fp_powser.o)
                0x00002f14                __fp_powser
 .text.avr-libc.fplib
                0x00002f5e        0xe c:/users/eko henfri/dropbox/er2c.share/er2c robot education/program/adroit/adroit projects/tools/avr8-gnu-toolchain/bin/../lib/gcc/avr/4.8.1/../../../../avr/lib/avr51\libm.a(fp_pscA.o)
                0x00002f5e                __fp_pscA
 .text.avr-libc.fplib
                0x00002f6c        0xe c:/users/eko henfri/dropbox/er2c.share/er2c robot education/program/adroit/adroit projects/tools/avr8-gnu-toolchain/bin/../lib/gcc/avr/4.8.1/../../../../avr/lib/avr51\libm.a(fp_pscB.o)
                0x00002f6c                __fp_pscB
 .text.avr-libc.fplib
                0x00002f7a       0x22 c:/users/eko henfri/dropbox/er2c.share/er2c robot education/program/adroit/adroit projects/tools/avr8-gnu-toolchain/bin/../lib/gcc/avr/4.8.1/../../../../avr/lib/avr51\libm.a(fp_round.o)
                0x00002f7a                __fp_round
 .text.avr-libc.fplib
                0x00002f9c       0x44 c:/users/eko henfri/dropbox/er2c.share/er2c robot education/program/adroit/adroit projects/tools/avr8-gnu-toolchain/bin/../lib/gcc/avr/4.8.1/../../../../avr/lib/avr51\libm.a(fp_split3.o)
                0x00002f9c                __fp_split3
                0x00002fac                __fp_splitA
 .text.avr-libc.fplib
                0x00002fe0        0xe c:/users/eko henfri/dropbox/er2c.share/er2c robot education/program/adroit/adroit projects/tools/avr8-gnu-toolchain/bin/../lib/gcc/avr/4.8.1/../../../../avr/lib/avr51\libm.a(fp_zero.o)
                0x00002fe0                __fp_zero
                0x00002fe2                __fp_szero
 .text.avr-libc.fplib
                0x00002fee        0x8 c:/users/eko henfri/dropbox/er2c.share/er2c robot education/program/adroit/adroit projects/tools/avr8-gnu-toolchain/bin/../lib/gcc/avr/4.8.1/../../../../avr/lib/avr51\libm.a(gesf2.o)
                0x00002fee                __gesf2
                0x00002fee                __gtsf2
 .text.avr-libc.fplib
                0x00002ff6        0xe c:/users/eko henfri/dropbox/er2c.share/er2c robot education/program/adroit/adroit projects/tools/avr8-gnu-toolchain/bin/../lib/gcc/avr/4.8.1/../../../../avr/lib/avr51\libm.a(inverse.o)
                0x00002ff6                inverse
 .text.avr-libc.fplib
                0x00003004        0x4 c:/users/eko henfri/dropbox/er2c.share/er2c robot education/program/adroit/adroit projects/tools/avr8-gnu-toolchain/bin/../lib/gcc/avr/4.8.1/../../../../avr/lib/avr51\libm.a(mulsf3.o)
                0x00003004                __mulsf3
 .text.avr-libc.fplib
                0x00003008       0xc2 c:/users/eko henfri/dropbox/er2c.share/er2c robot education/program/adroit/adroit projects/tools/avr8-gnu-toolchain/bin/../lib/gcc/avr/4.8.1/../../../../avr/lib/avr51\libm.a(mulsf3x.o)
                0x0000301c                __mulsf3x
                0x00003020                __mulsf3_pse
 .text.avr-libc.fplib
                0x000030ca        0x6 c:/users/eko henfri/dropbox/er2c.share/er2c robot education/program/adroit/adroit projects/tools/avr8-gnu-toolchain/bin/../lib/gcc/avr/4.8.1/../../../../avr/lib/avr51\libm.a(square.o)
                0x000030ca                square
 .text.avr-libc
                0x000030d0      0x24e c:/users/eko henfri/dropbox/er2c.share/er2c robot education/program/adroit/adroit projects/tools/avr8-gnu-toolchain/bin/../lib/gcc/avr/4.8.1/../../../../avr/lib/avr51\libc.a(malloc.o)
                0x000030d0                malloc
                0x00003200                free
 .text.avr-libc
                0x0000331e      0x1d2 c:/users/eko henfri/dropbox/er2c.share/er2c robot education/program/adroit/adroit projects/tools/avr8-gnu-toolchain/bin/../lib/gcc/avr/4.8.1/../../../../avr/lib/avr51\libc.a(realloc.o)
                0x0000331e                realloc
 .text.avr-libc
                0x000034f0       0x1a c:/users/eko henfri/dropbox/er2c.share/er2c robot education/program/adroit/adroit projects/tools/avr8-gnu-toolchain/bin/../lib/gcc/avr/4.8.1/../../../../avr/lib/avr51\libc.a(memcmp.o)
                0x000034f0                memcmp
 .text.avr-libc
                0x0000350a       0x12 c:/users/eko henfri/dropbox/er2c.share/er2c robot education/program/adroit/adroit projects/tools/avr8-gnu-toolchain/bin/../lib/gcc/avr/4.8.1/../../../../avr/lib/avr51\libc.a(memcpy.o)
                0x0000350a                memcpy
                0x0000351c                . = ALIGN (0x2)
 *(.fini9)
 .fini9         0x0000351c        0x0 c:/users/eko henfri/dropbox/er2c.share/er2c robot education/program/adroit/adroit projects/tools/avr8-gnu-toolchain/bin/../lib/gcc/avr/4.8.1/avr51\libgcc.a(_exit.o)
                0x0000351c                _exit
                0x0000351c                exit
 *(.fini9)
 *(.fini8)
 *(.fini8)
 *(.fini7)
 *(.fini7)
 *(.fini6)
 *(.fini6)
 *(.fini5)
 *(.fini5)
 *(.fini4)
 *(.fini4)
 *(.fini3)
 *(.fini3)
 *(.fini2)
 *(.fini2)
 *(.fini1)
 *(.fini1)
 *(.fini0)
 .fini0         0x0000351c        0x4 c:/users/eko henfri/dropbox/er2c.share/er2c robot education/program/adroit/adroit projects/tools/avr8-gnu-toolchain/bin/../lib/gcc/avr/4.8.1/avr51\libgcc.a(_exit.o)
 *(.fini0)
                0x00003520                _etext = .

.data           0x00800100      0x180 load address 0x00003520
                0x00800100                PROVIDE (__data_start, .)
 *(.data)
 .data          0x00800100        0x2 obj\Release\16. Simple Balancing dengan DMP\main.o
 .data          0x00800102        0x6 c:/users/eko henfri/dropbox/er2c.share/er2c robot education/program/adroit/adroit projects/tools/avr8-gnu-toolchain/bin/../lib/gcc/avr/4.8.1/../../../../avr/lib/avr51\libc.a(malloc.o)
                0x00800102                __malloc_heap_end
                0x00800104                __malloc_heap_start
                0x00800106                __malloc_margin
 *(.data*)
 *(.rodata)
 *(.rodata*)
 .rodata.str1.1
                0x00800108      0x178 obj\Release\16. Simple Balancing dengan DMP\main.o
 *(.gnu.linkonce.d*)
                0x00800280                . = ALIGN (0x2)
                0x00800280                _edata = .
                0x00800280                PROVIDE (__data_end, .)

.bss            0x00800280       0x83
                0x00800280                PROVIDE (__bss_start, .)
 *(.bss)
 .bss           0x00800280       0x7f obj\Release\16. Simple Balancing dengan DMP\main.o
                0x00800280                xxx
                0x00800282                Error
                0x00800286                Balancing
                0x00800288                sensor
                0x00800289                imu
                0x008002d0                i2c
                0x008002d1                adc
                0x008002d2                lcd
                0x008002d3                buzzer
                0x008002d4                roda
                0x008002dc                servo
                0x008002dd                rx_buffer_overflow1
                0x008002de                rx_counter1
                0x008002df                rx_rd_index1
                0x008002e0                rx_wr_index1
                0x008002e1                rx_buffer1
 *(.bss*)
 *(COMMON)
 COMMON         0x008002ff        0x4 c:/users/eko henfri/dropbox/er2c.share/er2c robot education/program/adroit/adroit projects/tools/avr8-gnu-toolchain/bin/../lib/gcc/avr/4.8.1/../../../../avr/lib/avr51\libc.a(malloc.o)
                0x008002ff                __brkval
                0x00800301                __flp
                0x00800303                PROVIDE (__bss_end, .)
                0x00003520                __data_load_start = LOADADDR (.data)
                0x000036a0                __data_load_end = (__data_load_start + SIZEOF (.data))

.noinit         0x00800303        0x0
                0x00800303                PROVIDE (__noinit_start, .)
 *(.noinit*)
                0x00800303                PROVIDE (__noinit_end, .)
                0x00800303                _end = .
                0x00800303                PROVIDE (__heap_start, .)

.eeprom         0x00810000        0x0
 *(.eeprom*)
                0x00810000                __eeprom_end = .

.fuse
 *(.fuse)
 *(.lfuse)
 *(.hfuse)
 *(.efuse)

.lock
 *(.lock*)

.signature
 *(.signature*)

.user_signatures
 *(.user_signatures*)

.stab
 *(.stab)

.stabstr
 *(.stabstr)

.stab.excl
 *(.stab.excl)

.stab.exclstr
 *(.stab.exclstr)

.stab.index
 *(.stab.index)

.stab.indexstr
 *(.stab.indexstr)

.comment        0x00000000       0x30
 *(.comment)
 .comment       0x00000000       0x30 obj\Release\16. Simple Balancing dengan DMP\main.o
                                 0x31 (size before relaxing)
 .comment       0x00000000       0x31 c:/users/eko henfri/dropbox/er2c.share/er2c robot education/program/adroit/adroit projects/tools/avr8-gnu-toolchain/bin/../lib/gcc/avr/4.8.1/../../../../avr/lib/avr51\libc.a(malloc.o)
 .comment       0x00000000       0x31 c:/users/eko henfri/dropbox/er2c.share/er2c robot education/program/adroit/adroit projects/tools/avr8-gnu-toolchain/bin/../lib/gcc/avr/4.8.1/../../../../avr/lib/avr51\libc.a(realloc.o)

.note.gnu.build-id
 *(.note.gnu.build-id)

.debug
 *(.debug)

.line
 *(.line)

.debug_srcinfo
 *(.debug_srcinfo)

.debug_sfnames
 *(.debug_sfnames)

.debug_aranges
 *(.debug_aranges)

.debug_pubnames
 *(.debug_pubnames)

.debug_info
 *(.debug_info .gnu.linkonce.wi.*)

.debug_abbrev
 *(.debug_abbrev)

.debug_line
 *(.debug_line .debug_line.* .debug_line_end)

.debug_frame
 *(.debug_frame)

.debug_str
 *(.debug_str)

.debug_loc
 *(.debug_loc)

.debug_macinfo
 *(.debug_macinfo)

.debug_weaknames
 *(.debug_weaknames)

.debug_funcnames
 *(.debug_funcnames)

.debug_typenames
 *(.debug_typenames)

.debug_varnames
 *(.debug_varnames)

.debug_pubtypes
 *(.debug_pubtypes)

.debug_ranges
 *(.debug_ranges)

.debug_macro
 *(.debug_macro)
OUTPUT(bin\Release\BalancingDMP.elf elf32-avr)
LOAD linker stubs

Cross Reference Table

Symbol                                            File
BacaSerial1(unsigned int)                         obj\Release\16. Simple Balancing dengan DMP\main.o
Balancing                                         obj\Release\16. Simple Balancing dengan DMP\main.o
Error                                             obj\Release\16. Simple Balancing dengan DMP\main.o
KirimAngka3s(int)                                 obj\Release\16. Simple Balancing dengan DMP\main.o
KirimAngka3u(unsigned int)                        obj\Release\16. Simple Balancing dengan DMP\main.o
KirimAngka4s(int)                                 obj\Release\16. Simple Balancing dengan DMP\main.o
KirimAngka4u(int)                                 obj\Release\16. Simple Balancing dengan DMP\main.o
KirimAngka5s(int)                                 obj\Release\16. Simple Balancing dengan DMP\main.o
KirimAngka5u(unsigned int)                        obj\Release\16. Simple Balancing dengan DMP\main.o
MPU6050::MPU6050()                                obj\Release\16. Simple Balancing dengan DMP\main.o
MPU6050::MPU6050()                                obj\Release\16. Simple Balancing dengan DMP\main.o
MPU6050::MPU6050(unsigned char)                   obj\Release\16. Simple Balancing dengan DMP\main.o
MPU6050::MPU6050(unsigned char)                   obj\Release\16. Simple Balancing dengan DMP\main.o
MPU6050::getAccelFIFOEnabled()                    obj\Release\16. Simple Balancing dengan DMP\main.o
MPU6050::getAccelXSelfTest()                      obj\Release\16. Simple Balancing dengan DMP\main.o
MPU6050::getAccelYSelfTest()                      obj\Release\16. Simple Balancing dengan DMP\main.o
MPU6050::getAccelZSelfTest()                      obj\Release\16. Simple Balancing dengan DMP\main.o
MPU6050::getAcceleration(int*, int*, int*)        obj\Release\16. Simple Balancing dengan DMP\main.o
MPU6050::getAccelerationX()                       obj\Release\16. Simple Balancing dengan DMP\main.o
MPU6050::getAccelerationY()                       obj\Release\16. Simple Balancing dengan DMP\main.o
MPU6050::getAccelerationZ()                       obj\Release\16. Simple Balancing dengan DMP\main.o
MPU6050::getAccelerometerPowerOnDelay()           obj\Release\16. Simple Balancing dengan DMP\main.o
MPU6050::getAuxVDDIOLevel()                       obj\Release\16. Simple Balancing dengan DMP\main.o
MPU6050::getClockOutputEnabled()                  obj\Release\16. Simple Balancing dengan DMP\main.o
MPU6050::getClockSource()                         obj\Release\16. Simple Balancing dengan DMP\main.o
MPU6050::getDHPFMode()                            obj\Release\16. Simple Balancing dengan DMP\main.o
MPU6050::getDLPFMode()                            obj\Release\16. Simple Balancing dengan DMP\main.o
MPU6050::getDMPConfig1()                          obj\Release\16. Simple Balancing dengan DMP\main.o
MPU6050::getDMPConfig2()                          obj\Release\16. Simple Balancing dengan DMP\main.o
MPU6050::getDMPEnabled()                          obj\Release\16. Simple Balancing dengan DMP\main.o
MPU6050::getDMPInt0Status()                       obj\Release\16. Simple Balancing dengan DMP\main.o
MPU6050::getDMPInt1Status()                       obj\Release\16. Simple Balancing dengan DMP\main.o
MPU6050::getDMPInt2Status()                       obj\Release\16. Simple Balancing dengan DMP\main.o
MPU6050::getDMPInt3Status()                       obj\Release\16. Simple Balancing dengan DMP\main.o
MPU6050::getDMPInt4Status()                       obj\Release\16. Simple Balancing dengan DMP\main.o
MPU6050::getDMPInt5Status()                       obj\Release\16. Simple Balancing dengan DMP\main.o
MPU6050::getDeviceID()                            obj\Release\16. Simple Balancing dengan DMP\main.o
MPU6050::getExternalFrameSync()                   obj\Release\16. Simple Balancing dengan DMP\main.o
MPU6050::getExternalSensorByte(int)               obj\Release\16. Simple Balancing dengan DMP\main.o
MPU6050::getExternalSensorDWord(int)              obj\Release\16. Simple Balancing dengan DMP\main.o
MPU6050::getExternalSensorWord(int)               obj\Release\16. Simple Balancing dengan DMP\main.o
MPU6050::getExternalShadowDelayEnabled()          obj\Release\16. Simple Balancing dengan DMP\main.o
MPU6050::getFIFOByte()                            obj\Release\16. Simple Balancing dengan DMP\main.o
MPU6050::getFIFOBytes(unsigned char*, unsigned char) obj\Release\16. Simple Balancing dengan DMP\main.o
MPU6050::getFIFOCount()                           obj\Release\16. Simple Balancing dengan DMP\main.o
MPU6050::getFIFOEnabled()                         obj\Release\16. Simple Balancing dengan DMP\main.o
MPU6050::getFSyncInterruptEnabled()               obj\Release\16. Simple Balancing dengan DMP\main.o
MPU6050::getFSyncInterruptLevel()                 obj\Release\16. Simple Balancing dengan DMP\main.o
MPU6050::getFreefallDetectionCounterDecrement()   obj\Release\16. Simple Balancing dengan DMP\main.o
MPU6050::getFreefallDetectionDuration()           obj\Release\16. Simple Balancing dengan DMP\main.o
MPU6050::getFreefallDetectionThreshold()          obj\Release\16. Simple Balancing dengan DMP\main.o
MPU6050::getFullScaleAccelRange()                 obj\Release\16. Simple Balancing dengan DMP\main.o
MPU6050::getFullScaleGyroRange()                  obj\Release\16. Simple Balancing dengan DMP\main.o
MPU6050::getI2CBypassEnabled()                    obj\Release\16. Simple Balancing dengan DMP\main.o
MPU6050::getI2CMasterModeEnabled()                obj\Release\16. Simple Balancing dengan DMP\main.o
MPU6050::getIntDMPEnabled()                       obj\Release\16. Simple Balancing dengan DMP\main.o
MPU6050::getIntDMPStatus()                        obj\Release\16. Simple Balancing dengan DMP\main.o
MPU6050::getIntDataReadyEnabled()                 obj\Release\16. Simple Balancing dengan DMP\main.o
MPU6050::getIntDataReadyStatus()                  obj\Release\16. Simple Balancing dengan DMP\main.o
MPU6050::getIntEnabled()                          obj\Release\16. Simple Balancing dengan DMP\main.o
MPU6050::getIntFIFOBufferOverflowEnabled()        obj\Release\16. Simple Balancing dengan DMP\main.o
MPU6050::getIntFIFOBufferOverflowStatus()         obj\Release\16. Simple Balancing dengan DMP\main.o
MPU6050::getIntFreefallEnabled()                  obj\Release\16. Simple Balancing dengan DMP\main.o
MPU6050::getIntFreefallStatus()                   obj\Release\16. Simple Balancing dengan DMP\main.o
MPU6050::getIntI2CMasterEnabled()                 obj\Release\16. Simple Balancing dengan DMP\main.o
MPU6050::getIntI2CMasterStatus()                  obj\Release\16. Simple Balancing dengan DMP\main.o
MPU6050::getIntMotionEnabled()                    obj\Release\16. Simple Balancing dengan DMP\main.o
MPU6050::getIntMotionStatus()                     obj\Release\16. Simple Balancing dengan DMP\main.o
MPU6050::getIntPLLReadyEnabled()                  obj\Release\16. Simple Balancing dengan DMP\main.o
MPU6050::getIntPLLReadyStatus()                   obj\Release\16. Simple Balancing dengan DMP\main.o
MPU6050::getIntStatus()                           obj\Release\16. Simple Balancing dengan DMP\main.o
MPU6050::getIntZeroMotionEnabled()                obj\Release\16. Simple Balancing dengan DMP\main.o
MPU6050::getIntZeroMotionStatus()                 obj\Release\16. Simple Balancing dengan DMP\main.o
MPU6050::getInterruptDrive()                      obj\Release\16. Simple Balancing dengan DMP\main.o
MPU6050::getInterruptLatch()                      obj\Release\16. Simple Balancing dengan DMP\main.o
MPU6050::getInterruptLatchClear()                 obj\Release\16. Simple Balancing dengan DMP\main.o
MPU6050::getInterruptMode()                       obj\Release\16. Simple Balancing dengan DMP\main.o
MPU6050::getLostArbitration()                     obj\Release\16. Simple Balancing dengan DMP\main.o
MPU6050::getMasterClockSpeed()                    obj\Release\16. Simple Balancing dengan DMP\main.o
MPU6050::getMotionDetectionCounterDecrement()     obj\Release\16. Simple Balancing dengan DMP\main.o
MPU6050::getMotionDetectionDuration()             obj\Release\16. Simple Balancing dengan DMP\main.o
MPU6050::getMotionDetectionThreshold()            obj\Release\16. Simple Balancing dengan DMP\main.o
MPU6050::getMultiMasterEnabled()                  obj\Release\16. Simple Balancing dengan DMP\main.o
MPU6050::getOTPBankValid()                        obj\Release\16. Simple Balancing dengan DMP\main.o
MPU6050::getPassthroughStatus()                   obj\Release\16. Simple Balancing dengan DMP\main.o
MPU6050::getRate()                                obj\Release\16. Simple Balancing dengan DMP\main.o
MPU6050::getRotation(int*, int*, int*)            obj\Release\16. Simple Balancing dengan DMP\main.o
MPU6050::getRotationX()                           obj\Release\16. Simple Balancing dengan DMP\main.o
MPU6050::getRotationY()                           obj\Release\16. Simple Balancing dengan DMP\main.o
MPU6050::getRotationZ()                           obj\Release\16. Simple Balancing dengan DMP\main.o
MPU6050::getSlate4InputByte()                     obj\Release\16. Simple Balancing dengan DMP\main.o
MPU6050::getSlave0FIFOEnabled()                   obj\Release\16. Simple Balancing dengan DMP\main.o
MPU6050::getSlave0Nack()                          obj\Release\16. Simple Balancing dengan DMP\main.o
MPU6050::getSlave1FIFOEnabled()                   obj\Release\16. Simple Balancing dengan DMP\main.o
MPU6050::getSlave1Nack()                          obj\Release\16. Simple Balancing dengan DMP\main.o
MPU6050::getSlave2FIFOEnabled()                   obj\Release\16. Simple Balancing dengan DMP\main.o
MPU6050::getSlave2Nack()                          obj\Release\16. Simple Balancing dengan DMP\main.o
MPU6050::getSlave3FIFOEnabled()                   obj\Release\16. Simple Balancing dengan DMP\main.o
MPU6050::getSlave3Nack()                          obj\Release\16. Simple Balancing dengan DMP\main.o
MPU6050::getSlave4Address()                       obj\Release\16. Simple Balancing dengan DMP\main.o
MPU6050::getSlave4Enabled()                       obj\Release\16. Simple Balancing dengan DMP\main.o
MPU6050::getSlave4InterruptEnabled()              obj\Release\16. Simple Balancing dengan DMP\main.o
MPU6050::getSlave4IsDone()                        obj\Release\16. Simple Balancing dengan DMP\main.o
MPU6050::getSlave4MasterDelay()                   obj\Release\16. Simple Balancing dengan DMP\main.o
MPU6050::getSlave4Nack()                          obj\Release\16. Simple Balancing dengan DMP\main.o
MPU6050::getSlave4Register()                      obj\Release\16. Simple Balancing dengan DMP\main.o
MPU6050::getSlave4WriteMode()                     obj\Release\16. Simple Balancing dengan DMP\main.o
MPU6050::getSlaveAddress(unsigned char)           obj\Release\16. Simple Balancing dengan DMP\main.o
MPU6050::getSlaveDataLength(unsigned char)        obj\Release\16. Simple Balancing dengan DMP\main.o
MPU6050::getSlaveDelayEnabled(unsigned char)      obj\Release\16. Simple Balancing dengan DMP\main.o
MPU6050::getSlaveEnabled(unsigned char)           obj\Release\16. Simple Balancing dengan DMP\main.o
MPU6050::getSlaveReadWriteTransitionEnabled()     obj\Release\16. Simple Balancing dengan DMP\main.o
MPU6050::getSlaveRegister(unsigned char)          obj\Release\16. Simple Balancing dengan DMP\main.o
MPU6050::getSlaveWordByteSwap(unsigned char)      obj\Release\16. Simple Balancing dengan DMP\main.o
MPU6050::getSlaveWordGroupOffset(unsigned char)   obj\Release\16. Simple Balancing dengan DMP\main.o
MPU6050::getSlaveWriteMode(unsigned char)         obj\Release\16. Simple Balancing dengan DMP\main.o
MPU6050::getSleepEnabled()                        obj\Release\16. Simple Balancing dengan DMP\main.o
MPU6050::getStandbyXAccelEnabled()                obj\Release\16. Simple Balancing dengan DMP\main.o
MPU6050::getStandbyXGyroEnabled()                 obj\Release\16. Simple Balancing dengan DMP\main.o
MPU6050::getStandbyYAccelEnabled()                obj\Release\16. Simple Balancing dengan DMP\main.o
MPU6050::getStandbyYGyroEnabled()                 obj\Release\16. Simple Balancing dengan DMP\main.o
MPU6050::getStandbyZAccelEnabled()                obj\Release\16. Simple Balancing dengan DMP\main.o
MPU6050::getStandbyZGyroEnabled()                 obj\Release\16. Simple Balancing dengan DMP\main.o
MPU6050::getTempFIFOEnabled()                     obj\Release\16. Simple Balancing dengan DMP\main.o
MPU6050::getTempSensorEnabled()                   obj\Release\16. Simple Balancing dengan DMP\main.o
MPU6050::getTemperature()                         obj\Release\16. Simple Balancing dengan DMP\main.o
MPU6050::getWaitForExternalSensorEnabled()        obj\Release\16. Simple Balancing dengan DMP\main.o
MPU6050::getWakeCycleEnabled()                    obj\Release\16. Simple Balancing dengan DMP\main.o
MPU6050::getWakeFrequency()                       obj\Release\16. Simple Balancing dengan DMP\main.o
MPU6050::getXAccelOffset()                        obj\Release\16. Simple Balancing dengan DMP\main.o
MPU6050::getXFineGain()                           obj\Release\16. Simple Balancing dengan DMP\main.o
MPU6050::getXGyroFIFOEnabled()                    obj\Release\16. Simple Balancing dengan DMP\main.o
MPU6050::getXGyroOffset()                         obj\Release\16. Simple Balancing dengan DMP\main.o
MPU6050::getXGyroOffsetTC()                       obj\Release\16. Simple Balancing dengan DMP\main.o
MPU6050::getXNegMotionDetected()                  obj\Release\16. Simple Balancing dengan DMP\main.o
MPU6050::getXPosMotionDetected()                  obj\Release\16. Simple Balancing dengan DMP\main.o
MPU6050::getYAccelOffset()                        obj\Release\16. Simple Balancing dengan DMP\main.o
MPU6050::getYFineGain()                           obj\Release\16. Simple Balancing dengan DMP\main.o
MPU6050::getYGyroFIFOEnabled()                    obj\Release\16. Simple Balancing dengan DMP\main.o
MPU6050::getYGyroOffset()                         obj\Release\16. Simple Balancing dengan DMP\main.o
MPU6050::getYGyroOffsetTC()                       obj\Release\16. Simple Balancing dengan DMP\main.o
MPU6050::getYNegMotionDetected()                  obj\Release\16. Simple Balancing dengan DMP\main.o
MPU6050::getYPosMotionDetected()                  obj\Release\16. Simple Balancing dengan DMP\main.o
MPU6050::getZAccelOffset()                        obj\Release\16. Simple Balancing dengan DMP\main.o
MPU6050::getZFineGain()                           obj\Release\16. Simple Balancing dengan DMP\main.o
MPU6050::getZGyroFIFOEnabled()                    obj\Release\16. Simple Balancing dengan DMP\main.o
MPU6050::getZGyroOffset()                         obj\Release\16. Simple Balancing dengan DMP\main.o
MPU6050::getZGyroOffsetTC()                       obj\Release\16. Simple Balancing dengan DMP\main.o
MPU6050::getZNegMotionDetected()                  obj\Release\16. Simple Balancing dengan DMP\main.o
MPU6050::getZPosMotionDetected()                  obj\Release\16. Simple Balancing dengan DMP\main.o
MPU6050::getZeroMotionDetected()                  obj\Release\16. Simple Balancing dengan DMP\main.o
MPU6050::getZeroMotionDetectionDuration()         obj\Release\16. Simple Balancing dengan DMP\main.o
MPU6050::getZeroMotionDetectionThreshold()        obj\Release\16. Simple Balancing dengan DMP\main.o
MPU6050::initialize()                             obj\Release\16. Simple Balancing dengan DMP\main.o
MPU6050::readMemoryBlock(unsigned char*, unsigned int, unsigned char, unsigned char) obj\Release\16. Simple Balancing dengan DMP\main.o
MPU6050::readMemoryByte()                         obj\Release\16. Simple Balancing dengan DMP\main.o
MPU6050::reset()                                  obj\Release\16. Simple Balancing dengan DMP\main.o
MPU6050::resetAccelerometerPath()                 obj\Release\16. Simple Balancing dengan DMP\main.o
MPU6050::resetDMP()                               obj\Release\16. Simple Balancing dengan DMP\main.o
MPU6050::resetFIFO()                              obj\Release\16. Simple Balancing dengan DMP\main.o
MPU6050::resetGyroscopePath()                     obj\Release\16. Simple Balancing dengan DMP\main.o
MPU6050::resetI2CMaster()                         obj\Release\16. Simple Balancing dengan DMP\main.o
MPU6050::resetSensors()                           obj\Release\16. Simple Balancing dengan DMP\main.o
MPU6050::resetTemperaturePath()                   obj\Release\16. Simple Balancing dengan DMP\main.o
MPU6050::setAccelFIFOEnabled(unsigned char)       obj\Release\16. Simple Balancing dengan DMP\main.o
MPU6050::setAccelXSelfTest(unsigned char)         obj\Release\16. Simple Balancing dengan DMP\main.o
MPU6050::setAccelYSelfTest(unsigned char)         obj\Release\16. Simple Balancing dengan DMP\main.o
MPU6050::setAccelZSelfTest(unsigned char)         obj\Release\16. Simple Balancing dengan DMP\main.o
MPU6050::setAccelerometerPowerOnDelay(unsigned char) obj\Release\16. Simple Balancing dengan DMP\main.o
MPU6050::setAuxVDDIOLevel(unsigned char)          obj\Release\16. Simple Balancing dengan DMP\main.o
MPU6050::setClockOutputEnabled(unsigned char)     obj\Release\16. Simple Balancing dengan DMP\main.o
MPU6050::setClockSource(unsigned char)            obj\Release\16. Simple Balancing dengan DMP\main.o
MPU6050::setDHPFMode(unsigned char)               obj\Release\16. Simple Balancing dengan DMP\main.o
MPU6050::setDLPFMode(unsigned char)               obj\Release\16. Simple Balancing dengan DMP\main.o
MPU6050::setDMPConfig1(unsigned char)             obj\Release\16. Simple Balancing dengan DMP\main.o
MPU6050::setDMPConfig2(unsigned char)             obj\Release\16. Simple Balancing dengan DMP\main.o
MPU6050::setDMPEnabled(unsigned char)             obj\Release\16. Simple Balancing dengan DMP\main.o
MPU6050::setDeviceID(unsigned char)               obj\Release\16. Simple Balancing dengan DMP\main.o
MPU6050::setExternalFrameSync(unsigned char)      obj\Release\16. Simple Balancing dengan DMP\main.o
MPU6050::setExternalShadowDelayEnabled(unsigned char) obj\Release\16. Simple Balancing dengan DMP\main.o
MPU6050::setFIFOByte(unsigned char)               obj\Release\16. Simple Balancing dengan DMP\main.o
MPU6050::setFIFOEnabled(unsigned char)            obj\Release\16. Simple Balancing dengan DMP\main.o
MPU6050::setFSyncInterruptEnabled(unsigned char)  obj\Release\16. Simple Balancing dengan DMP\main.o
MPU6050::setFSyncInterruptLevel(unsigned char)    obj\Release\16. Simple Balancing dengan DMP\main.o
MPU6050::setFreefallDetectionCounterDecrement(unsigned char) obj\Release\16. Simple Balancing dengan DMP\main.o
MPU6050::setFreefallDetectionDuration(unsigned char) obj\Release\16. Simple Balancing dengan DMP\main.o
MPU6050::setFreefallDetectionThreshold(unsigned char) obj\Release\16. Simple Balancing dengan DMP\main.o
MPU6050::setFullScaleAccelRange(unsigned char)    obj\Release\16. Simple Balancing dengan DMP\main.o
MPU6050::setFullScaleGyroRange(unsigned char)     obj\Release\16. Simple Balancing dengan DMP\main.o
MPU6050::setI2CBypassEnabled(unsigned char)       obj\Release\16. Simple Balancing dengan DMP\main.o
MPU6050::setI2CMasterModeEnabled(unsigned char)   obj\Release\16. Simple Balancing dengan DMP\main.o
MPU6050::setIntDMPEnabled(unsigned char)          obj\Release\16. Simple Balancing dengan DMP\main.o
MPU6050::setIntDataReadyEnabled(unsigned char)    obj\Release\16. Simple Balancing dengan DMP\main.o
MPU6050::setIntEnabled(unsigned char)             obj\Release\16. Simple Balancing dengan DMP\main.o
MPU6050::setIntFIFOBufferOverflowEnabled(unsigned char) obj\Release\16. Simple Balancing dengan DMP\main.o
MPU6050::setIntFreefallEnabled(unsigned char)     obj\Release\16. Simple Balancing dengan DMP\main.o
MPU6050::setIntI2CMasterEnabled(unsigned char)    obj\Release\16. Simple Balancing dengan DMP\main.o
MPU6050::setIntMotionEnabled(unsigned char)       obj\Release\16. Simple Balancing dengan DMP\main.o
MPU6050::setIntPLLReadyEnabled(unsigned char)     obj\Release\16. Simple Balancing dengan DMP\main.o
MPU6050::setIntZeroMotionEnabled(unsigned char)   obj\Release\16. Simple Balancing dengan DMP\main.o
MPU6050::setInterruptDrive(unsigned char)         obj\Release\16. Simple Balancing dengan DMP\main.o
MPU6050::setInterruptLatch(unsigned char)         obj\Release\16. Simple Balancing dengan DMP\main.o
MPU6050::setInterruptLatchClear(unsigned char)    obj\Release\16. Simple Balancing dengan DMP\main.o
MPU6050::setInterruptMode(unsigned char)          obj\Release\16. Simple Balancing dengan DMP\main.o
MPU6050::setMasterClockSpeed(unsigned char)       obj\Release\16. Simple Balancing dengan DMP\main.o
MPU6050::setMemoryBank(unsigned char, unsigned char, unsigned char) obj\Release\16. Simple Balancing dengan DMP\main.o
MPU6050::setMemoryStartAddress(unsigned char)     obj\Release\16. Simple Balancing dengan DMP\main.o
MPU6050::setMotionDetectionCounterDecrement(unsigned char) obj\Release\16. Simple Balancing dengan DMP\main.o
MPU6050::setMotionDetectionDuration(unsigned char) obj\Release\16. Simple Balancing dengan DMP\main.o
MPU6050::setMotionDetectionThreshold(unsigned char) obj\Release\16. Simple Balancing dengan DMP\main.o
MPU6050::setMultiMasterEnabled(unsigned char)     obj\Release\16. Simple Balancing dengan DMP\main.o
MPU6050::setOTPBankValid(unsigned char)           obj\Release\16. Simple Balancing dengan DMP\main.o
MPU6050::setRate(unsigned char)                   obj\Release\16. Simple Balancing dengan DMP\main.o
MPU6050::setSlave0FIFOEnabled(unsigned char)      obj\Release\16. Simple Balancing dengan DMP\main.o
MPU6050::setSlave1FIFOEnabled(unsigned char)      obj\Release\16. Simple Balancing dengan DMP\main.o
MPU6050::setSlave2FIFOEnabled(unsigned char)      obj\Release\16. Simple Balancing dengan DMP\main.o
MPU6050::setSlave3FIFOEnabled(unsigned char)      obj\Release\16. Simple Balancing dengan DMP\main.o
MPU6050::setSlave4Address(unsigned char)          obj\Release\16. Simple Balancing dengan DMP\main.o
MPU6050::setSlave4Enabled(unsigned char)          obj\Release\16. Simple Balancing dengan DMP\main.o
MPU6050::setSlave4InterruptEnabled(unsigned char) obj\Release\16. Simple Balancing dengan DMP\main.o
MPU6050::setSlave4MasterDelay(unsigned char)      obj\Release\16. Simple Balancing dengan DMP\main.o
MPU6050::setSlave4OutputByte(unsigned char)       obj\Release\16. Simple Balancing dengan DMP\main.o
MPU6050::setSlave4Register(unsigned char)         obj\Release\16. Simple Balancing dengan DMP\main.o
MPU6050::setSlave4WriteMode(unsigned char)        obj\Release\16. Simple Balancing dengan DMP\main.o
MPU6050::setSlaveAddress(unsigned char, unsigned char) obj\Release\16. Simple Balancing dengan DMP\main.o
MPU6050::setSlaveDataLength(unsigned char, unsigned char) obj\Release\16. Simple Balancing dengan DMP\main.o
MPU6050::setSlaveDelayEnabled(unsigned char, unsigned char) obj\Release\16. Simple Balancing dengan DMP\main.o
MPU6050::setSlaveEnabled(unsigned char, unsigned char) obj\Release\16. Simple Balancing dengan DMP\main.o
MPU6050::setSlaveOutputByte(unsigned char, unsigned char) obj\Release\16. Simple Balancing dengan DMP\main.o
MPU6050::setSlaveReadWriteTransitionEnabled(unsigned char) obj\Release\16. Simple Balancing dengan DMP\main.o
MPU6050::setSlaveRegister(unsigned char, unsigned char) obj\Release\16. Simple Balancing dengan DMP\main.o
MPU6050::setSlaveWordByteSwap(unsigned char, unsigned char) obj\Release\16. Simple Balancing dengan DMP\main.o
MPU6050::setSlaveWordGroupOffset(unsigned char, unsigned char) obj\Release\16. Simple Balancing dengan DMP\main.o
MPU6050::setSlaveWriteMode(unsigned char, unsigned char) obj\Release\16. Simple Balancing dengan DMP\main.o
MPU6050::setSleepEnabled(unsigned char)           obj\Release\16. Simple Balancing dengan DMP\main.o
MPU6050::setStandbyXAccelEnabled(unsigned char)   obj\Release\16. Simple Balancing dengan DMP\main.o
MPU6050::setStandbyXGyroEnabled(unsigned char)    obj\Release\16. Simple Balancing dengan DMP\main.o
MPU6050::setStandbyYAccelEnabled(unsigned char)   obj\Release\16. Simple Balancing dengan DMP\main.o
MPU6050::setStandbyYGyroEnabled(unsigned char)    obj\Release\16. Simple Balancing dengan DMP\main.o
MPU6050::setStandbyZAccelEnabled(unsigned char)   obj\Release\16. Simple Balancing dengan DMP\main.o
MPU6050::setStandbyZGyroEnabled(unsigned char)    obj\Release\16. Simple Balancing dengan DMP\main.o
MPU6050::setTempFIFOEnabled(unsigned char)        obj\Release\16. Simple Balancing dengan DMP\main.o
MPU6050::setTempSensorEnabled(unsigned char)      obj\Release\16. Simple Balancing dengan DMP\main.o
MPU6050::setWaitForExternalSensorEnabled(unsigned char) obj\Release\16. Simple Balancing dengan DMP\main.o
MPU6050::setWakeCycleEnabled(unsigned char)       obj\Release\16. Simple Balancing dengan DMP\main.o
MPU6050::setWakeFrequency(unsigned char)          obj\Release\16. Simple Balancing dengan DMP\main.o
MPU6050::setXAccelOffset(int)                     obj\Release\16. Simple Balancing dengan DMP\main.o
MPU6050::setXFineGain(signed char)                obj\Release\16. Simple Balancing dengan DMP\main.o
MPU6050::setXGyroFIFOEnabled(unsigned char)       obj\Release\16. Simple Balancing dengan DMP\main.o
MPU6050::setXGyroOffset(int)                      obj\Release\16. Simple Balancing dengan DMP\main.o
MPU6050::setXGyroOffsetTC(signed char)            obj\Release\16. Simple Balancing dengan DMP\main.o
MPU6050::setYAccelOffset(int)                     obj\Release\16. Simple Balancing dengan DMP\main.o
MPU6050::setYFineGain(signed char)                obj\Release\16. Simple Balancing dengan DMP\main.o
MPU6050::setYGyroFIFOEnabled(unsigned char)       obj\Release\16. Simple Balancing dengan DMP\main.o
MPU6050::setYGyroOffset(int)                      obj\Release\16. Simple Balancing dengan DMP\main.o
MPU6050::setYGyroOffsetTC(signed char)            obj\Release\16. Simple Balancing dengan DMP\main.o
MPU6050::setZAccelOffset(int)                     obj\Release\16. Simple Balancing dengan DMP\main.o
MPU6050::setZFineGain(signed char)                obj\Release\16. Simple Balancing dengan DMP\main.o
MPU6050::setZGyroFIFOEnabled(unsigned char)       obj\Release\16. Simple Balancing dengan DMP\main.o
MPU6050::setZGyroOffset(int)                      obj\Release\16. Simple Balancing dengan DMP\main.o
MPU6050::setZGyroOffsetTC(signed char)            obj\Release\16. Simple Balancing dengan DMP\main.o
MPU6050::setZeroMotionDetectionDuration(unsigned char) obj\Release\16. Simple Balancing dengan DMP\main.o
MPU6050::setZeroMotionDetectionThreshold(unsigned char) obj\Release\16. Simple Balancing dengan DMP\main.o
MPU6050::switchSPIEnabled(unsigned char)          obj\Release\16. Simple Balancing dengan DMP\main.o
MPU6050::testConnection()                         obj\Release\16. Simple Balancing dengan DMP\main.o
MPU6050::writeDMPConfigurationSet(unsigned char const*, unsigned int, unsigned char) obj\Release\16. Simple Balancing dengan DMP\main.o
MPU6050::writeMemoryBlock(unsigned char const*, unsigned int, unsigned char, unsigned char, unsigned char, unsigned char) obj\Release\16. Simple Balancing dengan DMP\main.o
MPU6050::writeMemoryByte(unsigned char)           obj\Release\16. Simple Balancing dengan DMP\main.o
MPU6050::writeProgDMPConfigurationSet(unsigned char const*, unsigned int) obj\Release\16. Simple Balancing dengan DMP\main.o
MPU6050::writeProgMemoryBlock(unsigned char const*, unsigned int, unsigned char, unsigned char, unsigned char) obj\Release\16. Simple Balancing dengan DMP\main.o
SystemInit()                                      obj\Release\16. Simple Balancing dengan DMP\main.o
__addsf3                                          c:/users/eko henfri/dropbox/er2c.share/er2c robot education/program/adroit/adroit projects/tools/avr8-gnu-toolchain/bin/../lib/gcc/avr/4.8.1/../../../../avr/lib/avr51\libm.a(addsf3.o)
                                                  c:/users/eko henfri/dropbox/er2c.share/er2c robot education/program/adroit/adroit projects/tools/avr8-gnu-toolchain/bin/../lib/gcc/avr/4.8.1/../../../../avr/lib/avr51\libm.a(atan2.o)
                                                  obj\Release\16. Simple Balancing dengan DMP\main.o
__addsf3x                                         c:/users/eko henfri/dropbox/er2c.share/er2c robot education/program/adroit/adroit projects/tools/avr8-gnu-toolchain/bin/../lib/gcc/avr/4.8.1/../../../../avr/lib/avr51\libm.a(addsf3x.o)
                                                  c:/users/eko henfri/dropbox/er2c.share/er2c robot education/program/adroit/adroit projects/tools/avr8-gnu-toolchain/bin/../lib/gcc/avr/4.8.1/../../../../avr/lib/avr51\libm.a(fp_powser.o)
                                                  c:/users/eko henfri/dropbox/er2c.share/er2c robot education/program/adroit/adroit projects/tools/avr8-gnu-toolchain/bin/../lib/gcc/avr/4.8.1/../../../../avr/lib/avr51\libm.a(atan.o)
                                                  c:/users/eko henfri/dropbox/er2c.share/er2c robot education/program/adroit/adroit projects/tools/avr8-gnu-toolchain/bin/../lib/gcc/avr/4.8.1/../../../../avr/lib/avr51\libm.a(addsf3.o)
__bad_interrupt                                   c:/users/eko henfri/dropbox/er2c.share/er2c robot education/program/adroit/adroit projects/tools/avr8-gnu-toolchain/bin/../lib/gcc/avr/4.8.1/../../../../avr/lib/avr51/crtm128.o
__brkval                                          c:/users/eko henfri/dropbox/er2c.share/er2c robot education/program/adroit/adroit projects/tools/avr8-gnu-toolchain/bin/../lib/gcc/avr/4.8.1/../../../../avr/lib/avr51\libc.a(malloc.o)
                                                  c:/users/eko henfri/dropbox/er2c.share/er2c robot education/program/adroit/adroit projects/tools/avr8-gnu-toolchain/bin/../lib/gcc/avr/4.8.1/../../../../avr/lib/avr51\libc.a(realloc.o)
__bss_end                                         c:/users/eko henfri/dropbox/er2c.share/er2c robot education/program/adroit/adroit projects/tools/avr8-gnu-toolchain/bin/../lib/gcc/avr/4.8.1/avr51\libgcc.a(_clear_bss.o)
__bss_start                                       c:/users/eko henfri/dropbox/er2c.share/er2c robot education/program/adroit/adroit projects/tools/avr8-gnu-toolchain/bin/../lib/gcc/avr/4.8.1/avr51\libgcc.a(_clear_bss.o)
__cmpsf2                                          c:/users/eko henfri/dropbox/er2c.share/er2c robot education/program/adroit/adroit projects/tools/avr8-gnu-toolchain/bin/../lib/gcc/avr/4.8.1/../../../../avr/lib/avr51\libm.a(cmpsf2.o)
__ctors_end                                       c:/users/eko henfri/dropbox/er2c.share/er2c robot education/program/adroit/adroit projects/tools/avr8-gnu-toolchain/bin/../lib/gcc/avr/4.8.1/avr51\libgcc.a(_ctors.o)
__ctors_start                                     c:/users/eko henfri/dropbox/er2c.share/er2c robot education/program/adroit/adroit projects/tools/avr8-gnu-toolchain/bin/../lib/gcc/avr/4.8.1/avr51\libgcc.a(_ctors.o)
__data_end                                        c:/users/eko henfri/dropbox/er2c.share/er2c robot education/program/adroit/adroit projects/tools/avr8-gnu-toolchain/bin/../lib/gcc/avr/4.8.1/avr51\libgcc.a(_copy_data.o)
__data_load_start                                 c:/users/eko henfri/dropbox/er2c.share/er2c robot education/program/adroit/adroit projects/tools/avr8-gnu-toolchain/bin/../lib/gcc/avr/4.8.1/avr51\libgcc.a(_copy_data.o)
__data_start                                      c:/users/eko henfri/dropbox/er2c.share/er2c robot education/program/adroit/adroit projects/tools/avr8-gnu-toolchain/bin/../lib/gcc/avr/4.8.1/avr51\libgcc.a(_copy_data.o)
__divmodhi4                                       c:/users/eko henfri/dropbox/er2c.share/er2c robot education/program/adroit/adroit projects/tools/avr8-gnu-toolchain/bin/../lib/gcc/avr/4.8.1/avr51\libgcc.a(_divmodhi4.o)
                                                  obj\Release\16. Simple Balancing dengan DMP\main.o
__divsf3                                          c:/users/eko henfri/dropbox/er2c.share/er2c robot education/program/adroit/adroit projects/tools/avr8-gnu-toolchain/bin/../lib/gcc/avr/4.8.1/../../../../avr/lib/avr51\libm.a(divsf3.o)
                                                  c:/users/eko henfri/dropbox/er2c.share/er2c robot education/program/adroit/adroit projects/tools/avr8-gnu-toolchain/bin/../lib/gcc/avr/4.8.1/../../../../avr/lib/avr51\libm.a(inverse.o)
                                                  obj\Release\16. Simple Balancing dengan DMP\main.o
__divsf3_pse                                      c:/users/eko henfri/dropbox/er2c.share/er2c robot education/program/adroit/adroit projects/tools/avr8-gnu-toolchain/bin/../lib/gcc/avr/4.8.1/../../../../avr/lib/avr51\libm.a(divsf3x.o)
                                                  c:/users/eko henfri/dropbox/er2c.share/er2c robot education/program/adroit/adroit projects/tools/avr8-gnu-toolchain/bin/../lib/gcc/avr/4.8.1/../../../../avr/lib/avr51\libm.a(atan2.o)
__divsf3x                                         c:/users/eko henfri/dropbox/er2c.share/er2c robot education/program/adroit/adroit projects/tools/avr8-gnu-toolchain/bin/../lib/gcc/avr/4.8.1/../../../../avr/lib/avr51\libm.a(divsf3x.o)
                                                  c:/users/eko henfri/dropbox/er2c.share/er2c robot education/program/adroit/adroit projects/tools/avr8-gnu-toolchain/bin/../lib/gcc/avr/4.8.1/../../../../avr/lib/avr51\libm.a(divsf3.o)
__do_clear_bss                                    c:/users/eko henfri/dropbox/er2c.share/er2c robot education/program/adroit/adroit projects/tools/avr8-gnu-toolchain/bin/../lib/gcc/avr/4.8.1/avr51\libgcc.a(_clear_bss.o)
                                                  c:/users/eko henfri/dropbox/er2c.share/er2c robot education/program/adroit/adroit projects/tools/avr8-gnu-toolchain/bin/../lib/gcc/avr/4.8.1/../../../../avr/lib/avr51\libc.a(malloc.o)
                                                  obj\Release\16. Simple Balancing dengan DMP\main.o
__do_copy_data                                    c:/users/eko henfri/dropbox/er2c.share/er2c robot education/program/adroit/adroit projects/tools/avr8-gnu-toolchain/bin/../lib/gcc/avr/4.8.1/avr51\libgcc.a(_copy_data.o)
                                                  c:/users/eko henfri/dropbox/er2c.share/er2c robot education/program/adroit/adroit projects/tools/avr8-gnu-toolchain/bin/../lib/gcc/avr/4.8.1/../../../../avr/lib/avr51\libc.a(malloc.o)
                                                  obj\Release\16. Simple Balancing dengan DMP\main.o
__do_global_ctors                                 c:/users/eko henfri/dropbox/er2c.share/er2c robot education/program/adroit/adroit projects/tools/avr8-gnu-toolchain/bin/../lib/gcc/avr/4.8.1/avr51\libgcc.a(_ctors.o)
                                                  obj\Release\16. Simple Balancing dengan DMP\main.o
__eqsf2                                           c:/users/eko henfri/dropbox/er2c.share/er2c robot education/program/adroit/adroit projects/tools/avr8-gnu-toolchain/bin/../lib/gcc/avr/4.8.1/../../../../avr/lib/avr51\libm.a(cmpsf2.o)
__fixsfsi                                         c:/users/eko henfri/dropbox/er2c.share/er2c robot education/program/adroit/adroit projects/tools/avr8-gnu-toolchain/bin/../lib/gcc/avr/4.8.1/../../../../avr/lib/avr51\libm.a(fixsfsi.o)
                                                  obj\Release\16. Simple Balancing dengan DMP\main.o
__fixunssfsi                                      c:/users/eko henfri/dropbox/er2c.share/er2c robot education/program/adroit/adroit projects/tools/avr8-gnu-toolchain/bin/../lib/gcc/avr/4.8.1/../../../../avr/lib/avr51\libm.a(fixunssfsi.o)
                                                  c:/users/eko henfri/dropbox/er2c.share/er2c robot education/program/adroit/adroit projects/tools/avr8-gnu-toolchain/bin/../lib/gcc/avr/4.8.1/../../../../avr/lib/avr51\libm.a(fixsfsi.o)
                                                  obj\Release\16. Simple Balancing dengan DMP\main.o
__floatsisf                                       c:/users/eko henfri/dropbox/er2c.share/er2c robot education/program/adroit/adroit projects/tools/avr8-gnu-toolchain/bin/../lib/gcc/avr/4.8.1/../../../../avr/lib/avr51\libm.a(floatsisf.o)
                                                  obj\Release\16. Simple Balancing dengan DMP\main.o
__floatunsisf                                     c:/users/eko henfri/dropbox/er2c.share/er2c robot education/program/adroit/adroit projects/tools/avr8-gnu-toolchain/bin/../lib/gcc/avr/4.8.1/../../../../avr/lib/avr51\libm.a(floatsisf.o)
__flp                                             c:/users/eko henfri/dropbox/er2c.share/er2c robot education/program/adroit/adroit projects/tools/avr8-gnu-toolchain/bin/../lib/gcc/avr/4.8.1/../../../../avr/lib/avr51\libc.a(malloc.o)
                                                  c:/users/eko henfri/dropbox/er2c.share/er2c robot education/program/adroit/adroit projects/tools/avr8-gnu-toolchain/bin/../lib/gcc/avr/4.8.1/../../../../avr/lib/avr51\libc.a(realloc.o)
__fp_cmp                                          c:/users/eko henfri/dropbox/er2c.share/er2c robot education/program/adroit/adroit projects/tools/avr8-gnu-toolchain/bin/../lib/gcc/avr/4.8.1/../../../../avr/lib/avr51\libm.a(fp_cmp.o)
                                                  c:/users/eko henfri/dropbox/er2c.share/er2c robot education/program/adroit/adroit projects/tools/avr8-gnu-toolchain/bin/../lib/gcc/avr/4.8.1/../../../../avr/lib/avr51\libm.a(gesf2.o)
                                                  c:/users/eko henfri/dropbox/er2c.share/er2c robot education/program/adroit/adroit projects/tools/avr8-gnu-toolchain/bin/../lib/gcc/avr/4.8.1/../../../../avr/lib/avr51\libm.a(cmpsf2.o)
__fp_inf                                          c:/users/eko henfri/dropbox/er2c.share/er2c robot education/program/adroit/adroit projects/tools/avr8-gnu-toolchain/bin/../lib/gcc/avr/4.8.1/../../../../avr/lib/avr51\libm.a(fp_inf.o)
                                                  c:/users/eko henfri/dropbox/er2c.share/er2c robot education/program/adroit/adroit projects/tools/avr8-gnu-toolchain/bin/../lib/gcc/avr/4.8.1/../../../../avr/lib/avr51\libm.a(mulsf3x.o)
                                                  c:/users/eko henfri/dropbox/er2c.share/er2c robot education/program/adroit/adroit projects/tools/avr8-gnu-toolchain/bin/../lib/gcc/avr/4.8.1/../../../../avr/lib/avr51\libm.a(divsf3x.o)
                                                  c:/users/eko henfri/dropbox/er2c.share/er2c robot education/program/adroit/adroit projects/tools/avr8-gnu-toolchain/bin/../lib/gcc/avr/4.8.1/../../../../avr/lib/avr51\libm.a(addsf3x.o)
__fp_nan                                          c:/users/eko henfri/dropbox/er2c.share/er2c robot education/program/adroit/adroit projects/tools/avr8-gnu-toolchain/bin/../lib/gcc/avr/4.8.1/../../../../avr/lib/avr51\libm.a(fp_nan.o)
                                                  c:/users/eko henfri/dropbox/er2c.share/er2c robot education/program/adroit/adroit projects/tools/avr8-gnu-toolchain/bin/../lib/gcc/avr/4.8.1/../../../../avr/lib/avr51\libm.a(mulsf3x.o)
                                                  c:/users/eko henfri/dropbox/er2c.share/er2c robot education/program/adroit/adroit projects/tools/avr8-gnu-toolchain/bin/../lib/gcc/avr/4.8.1/../../../../avr/lib/avr51\libm.a(divsf3x.o)
                                                  c:/users/eko henfri/dropbox/er2c.share/er2c robot education/program/adroit/adroit projects/tools/avr8-gnu-toolchain/bin/../lib/gcc/avr/4.8.1/../../../../avr/lib/avr51\libm.a(atan2.o)
                                                  c:/users/eko henfri/dropbox/er2c.share/er2c robot education/program/adroit/adroit projects/tools/avr8-gnu-toolchain/bin/../lib/gcc/avr/4.8.1/../../../../avr/lib/avr51\libm.a(addsf3x.o)
__fp_powser                                       c:/users/eko henfri/dropbox/er2c.share/er2c robot education/program/adroit/adroit projects/tools/avr8-gnu-toolchain/bin/../lib/gcc/avr/4.8.1/../../../../avr/lib/avr51\libm.a(fp_powser.o)
                                                  c:/users/eko henfri/dropbox/er2c.share/er2c robot education/program/adroit/adroit projects/tools/avr8-gnu-toolchain/bin/../lib/gcc/avr/4.8.1/../../../../avr/lib/avr51\libm.a(atan.o)
__fp_pscA                                         c:/users/eko henfri/dropbox/er2c.share/er2c robot education/program/adroit/adroit projects/tools/avr8-gnu-toolchain/bin/../lib/gcc/avr/4.8.1/../../../../avr/lib/avr51\libm.a(fp_pscA.o)
                                                  c:/users/eko henfri/dropbox/er2c.share/er2c robot education/program/adroit/adroit projects/tools/avr8-gnu-toolchain/bin/../lib/gcc/avr/4.8.1/../../../../avr/lib/avr51\libm.a(mulsf3x.o)
                                                  c:/users/eko henfri/dropbox/er2c.share/er2c robot education/program/adroit/adroit projects/tools/avr8-gnu-toolchain/bin/../lib/gcc/avr/4.8.1/../../../../avr/lib/avr51\libm.a(divsf3x.o)
                                                  c:/users/eko henfri/dropbox/er2c.share/er2c robot education/program/adroit/adroit projects/tools/avr8-gnu-toolchain/bin/../lib/gcc/avr/4.8.1/../../../../avr/lib/avr51\libm.a(atan2.o)
                                                  c:/users/eko henfri/dropbox/er2c.share/er2c robot education/program/adroit/adroit projects/tools/avr8-gnu-toolchain/bin/../lib/gcc/avr/4.8.1/../../../../avr/lib/avr51\libm.a(addsf3x.o)
__fp_pscB                                         c:/users/eko henfri/dropbox/er2c.share/er2c robot education/program/adroit/adroit projects/tools/avr8-gnu-toolchain/bin/../lib/gcc/avr/4.8.1/../../../../avr/lib/avr51\libm.a(fp_pscB.o)
                                                  c:/users/eko henfri/dropbox/er2c.share/er2c robot education/program/adroit/adroit projects/tools/avr8-gnu-toolchain/bin/../lib/gcc/avr/4.8.1/../../../../avr/lib/avr51\libm.a(mulsf3x.o)
                                                  c:/users/eko henfri/dropbox/er2c.share/er2c robot education/program/adroit/adroit projects/tools/avr8-gnu-toolchain/bin/../lib/gcc/avr/4.8.1/../../../../avr/lib/avr51\libm.a(divsf3x.o)
                                                  c:/users/eko henfri/dropbox/er2c.share/er2c robot education/program/adroit/adroit projects/tools/avr8-gnu-toolchain/bin/../lib/gcc/avr/4.8.1/../../../../avr/lib/avr51\libm.a(atan2.o)
                                                  c:/users/eko henfri/dropbox/er2c.share/er2c robot education/program/adroit/adroit projects/tools/avr8-gnu-toolchain/bin/../lib/gcc/avr/4.8.1/../../../../avr/lib/avr51\libm.a(addsf3x.o)
__fp_round                                        c:/users/eko henfri/dropbox/er2c.share/er2c robot education/program/adroit/adroit projects/tools/avr8-gnu-toolchain/bin/../lib/gcc/avr/4.8.1/../../../../avr/lib/avr51\libm.a(fp_round.o)
                                                  c:/users/eko henfri/dropbox/er2c.share/er2c robot education/program/adroit/adroit projects/tools/avr8-gnu-toolchain/bin/../lib/gcc/avr/4.8.1/../../../../avr/lib/avr51\libm.a(mulsf3.o)
                                                  c:/users/eko henfri/dropbox/er2c.share/er2c robot education/program/adroit/adroit projects/tools/avr8-gnu-toolchain/bin/../lib/gcc/avr/4.8.1/../../../../avr/lib/avr51\libm.a(divsf3.o)
                                                  c:/users/eko henfri/dropbox/er2c.share/er2c robot education/program/adroit/adroit projects/tools/avr8-gnu-toolchain/bin/../lib/gcc/avr/4.8.1/../../../../avr/lib/avr51\libm.a(atan.o)
                                                  c:/users/eko henfri/dropbox/er2c.share/er2c robot education/program/adroit/adroit projects/tools/avr8-gnu-toolchain/bin/../lib/gcc/avr/4.8.1/../../../../avr/lib/avr51\libm.a(atan2.o)
                                                  c:/users/eko henfri/dropbox/er2c.share/er2c robot education/program/adroit/adroit projects/tools/avr8-gnu-toolchain/bin/../lib/gcc/avr/4.8.1/../../../../avr/lib/avr51\libm.a(addsf3.o)
__fp_split3                                       c:/users/eko henfri/dropbox/er2c.share/er2c robot education/program/adroit/adroit projects/tools/avr8-gnu-toolchain/bin/../lib/gcc/avr/4.8.1/../../../../avr/lib/avr51\libm.a(fp_split3.o)
                                                  c:/users/eko henfri/dropbox/er2c.share/er2c robot education/program/adroit/adroit projects/tools/avr8-gnu-toolchain/bin/../lib/gcc/avr/4.8.1/../../../../avr/lib/avr51\libm.a(mulsf3x.o)
                                                  c:/users/eko henfri/dropbox/er2c.share/er2c robot education/program/adroit/adroit projects/tools/avr8-gnu-toolchain/bin/../lib/gcc/avr/4.8.1/../../../../avr/lib/avr51\libm.a(divsf3x.o)
                                                  c:/users/eko henfri/dropbox/er2c.share/er2c robot education/program/adroit/adroit projects/tools/avr8-gnu-toolchain/bin/../lib/gcc/avr/4.8.1/../../../../avr/lib/avr51\libm.a(atan2.o)
                                                  c:/users/eko henfri/dropbox/er2c.share/er2c robot education/program/adroit/adroit projects/tools/avr8-gnu-toolchain/bin/../lib/gcc/avr/4.8.1/../../../../avr/lib/avr51\libm.a(addsf3x.o)
__fp_splitA                                       c:/users/eko henfri/dropbox/er2c.share/er2c robot education/program/adroit/adroit projects/tools/avr8-gnu-toolchain/bin/../lib/gcc/avr/4.8.1/../../../../avr/lib/avr51\libm.a(fp_split3.o)
                                                  c:/users/eko henfri/dropbox/er2c.share/er2c robot education/program/adroit/adroit projects/tools/avr8-gnu-toolchain/bin/../lib/gcc/avr/4.8.1/../../../../avr/lib/avr51\libm.a(fixunssfsi.o)
__fp_szero                                        c:/users/eko henfri/dropbox/er2c.share/er2c robot education/program/adroit/adroit projects/tools/avr8-gnu-toolchain/bin/../lib/gcc/avr/4.8.1/../../../../avr/lib/avr51\libm.a(fp_zero.o)
                                                  c:/users/eko henfri/dropbox/er2c.share/er2c robot education/program/adroit/adroit projects/tools/avr8-gnu-toolchain/bin/../lib/gcc/avr/4.8.1/../../../../avr/lib/avr51\libm.a(mulsf3x.o)
                                                  c:/users/eko henfri/dropbox/er2c.share/er2c robot education/program/adroit/adroit projects/tools/avr8-gnu-toolchain/bin/../lib/gcc/avr/4.8.1/../../../../avr/lib/avr51\libm.a(fixsfsi.o)
                                                  c:/users/eko henfri/dropbox/er2c.share/er2c robot education/program/adroit/adroit projects/tools/avr8-gnu-toolchain/bin/../lib/gcc/avr/4.8.1/../../../../avr/lib/avr51\libm.a(divsf3x.o)
__fp_zero                                         c:/users/eko henfri/dropbox/er2c.share/er2c robot education/program/adroit/adroit projects/tools/avr8-gnu-toolchain/bin/../lib/gcc/avr/4.8.1/../../../../avr/lib/avr51\libm.a(fp_zero.o)
                                                  c:/users/eko henfri/dropbox/er2c.share/er2c robot education/program/adroit/adroit projects/tools/avr8-gnu-toolchain/bin/../lib/gcc/avr/4.8.1/../../../../avr/lib/avr51\libm.a(fixunssfsi.o)
                                                  c:/users/eko henfri/dropbox/er2c.share/er2c robot education/program/adroit/adroit projects/tools/avr8-gnu-toolchain/bin/../lib/gcc/avr/4.8.1/../../../../avr/lib/avr51\libm.a(atan2.o)
                                                  c:/users/eko henfri/dropbox/er2c.share/er2c robot education/program/adroit/adroit projects/tools/avr8-gnu-toolchain/bin/../lib/gcc/avr/4.8.1/../../../../avr/lib/avr51\libm.a(addsf3x.o)
__gesf2                                           c:/users/eko henfri/dropbox/er2c.share/er2c robot education/program/adroit/adroit projects/tools/avr8-gnu-toolchain/bin/../lib/gcc/avr/4.8.1/../../../../avr/lib/avr51\libm.a(gesf2.o)
__gtsf2                                           c:/users/eko henfri/dropbox/er2c.share/er2c robot education/program/adroit/adroit projects/tools/avr8-gnu-toolchain/bin/../lib/gcc/avr/4.8.1/../../../../avr/lib/avr51\libm.a(gesf2.o)
                                                  obj\Release\16. Simple Balancing dengan DMP\main.o
__heap_end                                        c:/users/eko henfri/dropbox/er2c.share/er2c robot education/program/adroit/adroit projects/tools/avr8-gnu-toolchain/bin/../lib/gcc/avr/4.8.1/../../../../avr/lib/avr51/crtm128.o
                                                  c:/users/eko henfri/dropbox/er2c.share/er2c robot education/program/adroit/adroit projects/tools/avr8-gnu-toolchain/bin/../lib/gcc/avr/4.8.1/../../../../avr/lib/avr51\libc.a(malloc.o)
__heap_start                                      c:/users/eko henfri/dropbox/er2c.share/er2c robot education/program/adroit/adroit projects/tools/avr8-gnu-toolchain/bin/../lib/gcc/avr/4.8.1/../../../../avr/lib/avr51\libc.a(malloc.o)
__init                                            c:/users/eko henfri/dropbox/er2c.share/er2c robot education/program/adroit/adroit projects/tools/avr8-gnu-toolchain/bin/../lib/gcc/avr/4.8.1/../../../../avr/lib/avr51/crtm128.o
__lesf2                                           c:/users/eko henfri/dropbox/er2c.share/er2c robot education/program/adroit/adroit projects/tools/avr8-gnu-toolchain/bin/../lib/gcc/avr/4.8.1/../../../../avr/lib/avr51\libm.a(cmpsf2.o)
__ltsf2                                           c:/users/eko henfri/dropbox/er2c.share/er2c robot education/program/adroit/adroit projects/tools/avr8-gnu-toolchain/bin/../lib/gcc/avr/4.8.1/../../../../avr/lib/avr51\libm.a(cmpsf2.o)
                                                  obj\Release\16. Simple Balancing dengan DMP\main.o
__malloc_heap_end                                 c:/users/eko henfri/dropbox/er2c.share/er2c robot education/program/adroit/adroit projects/tools/avr8-gnu-toolchain/bin/../lib/gcc/avr/4.8.1/../../../../avr/lib/avr51\libc.a(malloc.o)
                                                  c:/users/eko henfri/dropbox/er2c.share/er2c robot education/program/adroit/adroit projects/tools/avr8-gnu-toolchain/bin/../lib/gcc/avr/4.8.1/../../../../avr/lib/avr51\libc.a(realloc.o)
__malloc_heap_start                               c:/users/eko henfri/dropbox/er2c.share/er2c robot education/program/adroit/adroit projects/tools/avr8-gnu-toolchain/bin/../lib/gcc/avr/4.8.1/../../../../avr/lib/avr51\libc.a(malloc.o)
__malloc_margin                                   c:/users/eko henfri/dropbox/er2c.share/er2c robot education/program/adroit/adroit projects/tools/avr8-gnu-toolchain/bin/../lib/gcc/avr/4.8.1/../../../../avr/lib/avr51\libc.a(malloc.o)
                                                  c:/users/eko henfri/dropbox/er2c.share/er2c robot education/program/adroit/adroit projects/tools/avr8-gnu-toolchain/bin/../lib/gcc/avr/4.8.1/../../../../avr/lib/avr51\libc.a(realloc.o)
__mulsf3                                          c:/users/eko henfri/dropbox/er2c.share/er2c robot education/program/adroit/adroit projects/tools/avr8-gnu-toolchain/bin/../lib/gcc/avr/4.8.1/../../../../avr/lib/avr51\libm.a(mulsf3.o)
                                                  c:/users/eko henfri/dropbox/er2c.share/er2c robot education/program/adroit/adroit projects/tools/avr8-gnu-toolchain/bin/../lib/gcc/avr/4.8.1/../../../../avr/lib/avr51\libm.a(square.o)
                                                  obj\Release\16. Simple Balancing dengan DMP\main.o
__mulsf3_pse                                      c:/users/eko henfri/dropbox/er2c.share/er2c robot education/program/adroit/adroit projects/tools/avr8-gnu-toolchain/bin/../lib/gcc/avr/4.8.1/../../../../avr/lib/avr51\libm.a(mulsf3x.o)
__mulsf3x                                         c:/users/eko henfri/dropbox/er2c.share/er2c robot education/program/adroit/adroit projects/tools/avr8-gnu-toolchain/bin/../lib/gcc/avr/4.8.1/../../../../avr/lib/avr51\libm.a(mulsf3x.o)
                                                  c:/users/eko henfri/dropbox/er2c.share/er2c robot education/program/adroit/adroit projects/tools/avr8-gnu-toolchain/bin/../lib/gcc/avr/4.8.1/../../../../avr/lib/avr51\libm.a(mulsf3.o)
                                                  c:/users/eko henfri/dropbox/er2c.share/er2c robot education/program/adroit/adroit projects/tools/avr8-gnu-toolchain/bin/../lib/gcc/avr/4.8.1/../../../../avr/lib/avr51\libm.a(fp_powser.o)
                                                  c:/users/eko henfri/dropbox/er2c.share/er2c robot education/program/adroit/adroit projects/tools/avr8-gnu-toolchain/bin/../lib/gcc/avr/4.8.1/../../../../avr/lib/avr51\libm.a(atan.o)
__nesf2                                           c:/users/eko henfri/dropbox/er2c.share/er2c robot education/program/adroit/adroit projects/tools/avr8-gnu-toolchain/bin/../lib/gcc/avr/4.8.1/../../../../avr/lib/avr51\libm.a(cmpsf2.o)
__stack                                           c:/users/eko henfri/dropbox/er2c.share/er2c robot education/program/adroit/adroit projects/tools/avr8-gnu-toolchain/bin/../lib/gcc/avr/4.8.1/../../../../avr/lib/avr51/crtm128.o
__subsf3                                          c:/users/eko henfri/dropbox/er2c.share/er2c robot education/program/adroit/adroit projects/tools/avr8-gnu-toolchain/bin/../lib/gcc/avr/4.8.1/../../../../avr/lib/avr51\libm.a(addsf3.o)
                                                  obj\Release\16. Simple Balancing dengan DMP\main.o
__tablejump_elpm__                                c:/users/eko henfri/dropbox/er2c.share/er2c robot education/program/adroit/adroit projects/tools/avr8-gnu-toolchain/bin/../lib/gcc/avr/4.8.1/avr51\libgcc.a(_tablejump_elpm.o)
                                                  c:/users/eko henfri/dropbox/er2c.share/er2c robot education/program/adroit/adroit projects/tools/avr8-gnu-toolchain/bin/../lib/gcc/avr/4.8.1/avr51\libgcc.a(_ctors.o)
__udivmodhi4                                      c:/users/eko henfri/dropbox/er2c.share/er2c robot education/program/adroit/adroit projects/tools/avr8-gnu-toolchain/bin/../lib/gcc/avr/4.8.1/avr51\libgcc.a(_udivmodhi4.o)
                                                  c:/users/eko henfri/dropbox/er2c.share/er2c robot education/program/adroit/adroit projects/tools/avr8-gnu-toolchain/bin/../lib/gcc/avr/4.8.1/avr51\libgcc.a(_divmodhi4.o)
                                                  obj\Release\16. Simple Balancing dengan DMP\main.o
__udivmodqi4                                      c:/users/eko henfri/dropbox/er2c.share/er2c robot education/program/adroit/adroit projects/tools/avr8-gnu-toolchain/bin/../lib/gcc/avr/4.8.1/avr51\libgcc.a(_udivmodqi4.o)
                                                  obj\Release\16. Simple Balancing dengan DMP\main.o
__udivmodsi4                                      c:/users/eko henfri/dropbox/er2c.share/er2c robot education/program/adroit/adroit projects/tools/avr8-gnu-toolchain/bin/../lib/gcc/avr/4.8.1/avr51\libgcc.a(_udivmodsi4.o)