Archive member included because of file (symbol)

c:/users/eko henfri/dropbox/er2c.share/er2c robot education/program/adroit/adroit projects/tools/avr8-gnu-toolchain/bin/../lib/gcc/avr/4.8.1/avr51\libgcc.a(_udivmodqi4.o)
                              obj\Release\13. Line Tracer\main.o (__udivmodqi4)
c:/users/eko henfri/dropbox/er2c.share/er2c robot education/program/adroit/adroit projects/tools/avr8-gnu-toolchain/bin/../lib/gcc/avr/4.8.1/avr51\libgcc.a(_udivmodhi4.o)
                              obj\Release\13. Line Tracer\main.o (__udivmodhi4)
c:/users/eko henfri/dropbox/er2c.share/er2c robot education/program/adroit/adroit projects/tools/avr8-gnu-toolchain/bin/../lib/gcc/avr/4.8.1/avr51\libgcc.a(_divmodhi4.o)
                              obj\Release\13. Line Tracer\main.o (__divmodhi4)
c:/users/eko henfri/dropbox/er2c.share/er2c robot education/program/adroit/adroit projects/tools/avr8-gnu-toolchain/bin/../lib/gcc/avr/4.8.1/avr51\libgcc.a(_udivmodsi4.o)
                              obj\Release\13. Line Tracer\main.o (__udivmodsi4)
c:/users/eko henfri/dropbox/er2c.share/er2c robot education/program/adroit/adroit projects/tools/avr8-gnu-toolchain/bin/../lib/gcc/avr/4.8.1/avr51\libgcc.a(_exit.o)
                              c:/users/eko henfri/dropbox/er2c.share/er2c robot education/program/adroit/adroit projects/tools/avr8-gnu-toolchain/bin/../lib/gcc/avr/4.8.1/../../../../avr/lib/avr51/crtm128.o (exit)
c:/users/eko henfri/dropbox/er2c.share/er2c robot education/program/adroit/adroit projects/tools/avr8-gnu-toolchain/bin/../lib/gcc/avr/4.8.1/avr51\libgcc.a(_copy_data.o)
                              obj\Release\13. Line Tracer\main.o (__do_copy_data)
c:/users/eko henfri/dropbox/er2c.share/er2c robot education/program/adroit/adroit projects/tools/avr8-gnu-toolchain/bin/../lib/gcc/avr/4.8.1/avr51\libgcc.a(_clear_bss.o)
                              obj\Release\13. Line Tracer\main.o (__do_clear_bss)
c:/users/eko henfri/dropbox/er2c.share/er2c robot education/program/adroit/adroit projects/tools/avr8-gnu-toolchain/bin/../lib/gcc/avr/4.8.1/avr51\libgcc.a(_ctors.o)
                              obj\Release\13. Line Tracer\main.o (__do_global_ctors)
c:/users/eko henfri/dropbox/er2c.share/er2c robot education/program/adroit/adroit projects/tools/avr8-gnu-toolchain/bin/../lib/gcc/avr/4.8.1/avr51\libgcc.a(_tablejump_elpm.o)
                              c:/users/eko henfri/dropbox/er2c.share/er2c robot education/program/adroit/adroit projects/tools/avr8-gnu-toolchain/bin/../lib/gcc/avr/4.8.1/avr51\libgcc.a(_ctors.o) (__tablejump_elpm__)
c:/users/eko henfri/dropbox/er2c.share/er2c robot education/program/adroit/adroit projects/tools/avr8-gnu-toolchain/bin/../lib/gcc/avr/4.8.1/../../../../avr/lib/avr51\libm.a(addsf3.o)
                              obj\Release\13. Line Tracer\main.o (__subsf3)
c:/users/eko henfri/dropbox/er2c.share/er2c robot education/program/adroit/adroit projects/tools/avr8-gnu-toolchain/bin/../lib/gcc/avr/4.8.1/../../../../avr/lib/avr51\libm.a(addsf3x.o)
                              c:/users/eko henfri/dropbox/er2c.share/er2c robot education/program/adroit/adroit projects/tools/avr8-gnu-toolchain/bin/../lib/gcc/avr/4.8.1/../../../../avr/lib/avr51\libm.a(addsf3.o) (__addsf3x)
c:/users/eko henfri/dropbox/er2c.share/er2c robot education/program/adroit/adroit projects/tools/avr8-gnu-toolchain/bin/../lib/gcc/avr/4.8.1/../../../../avr/lib/avr51\libm.a(cmpsf2.o)
                              obj\Release\13. Line Tracer\main.o (__ltsf2)
c:/users/eko henfri/dropbox/er2c.share/er2c robot education/program/adroit/adroit projects/tools/avr8-gnu-toolchain/bin/../lib/gcc/avr/4.8.1/../../../../avr/lib/avr51\libm.a(fixsfsi.o)
                              obj\Release\13. Line Tracer\main.o (__fixsfsi)
c:/users/eko henfri/dropbox/er2c.share/er2c robot education/program/adroit/adroit projects/tools/avr8-gnu-toolchain/bin/../lib/gcc/avr/4.8.1/../../../../avr/lib/avr51\libm.a(fixunssfsi.o)
                              obj\Release\13. Line Tracer\main.o (__fixunssfsi)
c:/users/eko henfri/dropbox/er2c.share/er2c robot education/program/adroit/adroit projects/tools/avr8-gnu-toolchain/bin/../lib/gcc/avr/4.8.1/../../../../avr/lib/avr51\libm.a(floatsisf.o)
                              obj\Release\13. Line Tracer\main.o (__floatsisf)
c:/users/eko henfri/dropbox/er2c.share/er2c robot education/program/adroit/adroit projects/tools/avr8-gnu-toolchain/bin/../lib/gcc/avr/4.8.1/../../../../avr/lib/avr51\libm.a(fp_cmp.o)
                              c:/users/eko henfri/dropbox/er2c.share/er2c robot education/program/adroit/adroit projects/tools/avr8-gnu-toolchain/bin/../lib/gcc/avr/4.8.1/../../../../avr/lib/avr51\libm.a(cmpsf2.o) (__fp_cmp)
c:/users/eko henfri/dropbox/er2c.share/er2c robot education/program/adroit/adroit projects/tools/avr8-gnu-toolchain/bin/../lib/gcc/avr/4.8.1/../../../../avr/lib/avr51\libm.a(fp_inf.o)
[...]
Memory Configuration

Name             Origin             Length             Attributes
text             0x00000000         0x00020000         xr
data             0x00800100         0x0000ff00         rw !x
eeprom           0x00810000         0x00010000         rw !x
fuse             0x00820000         0x00000400         rw !x
lock             0x00830000         0x00000400         rw !x
signature        0x00840000         0x00000400         rw !x
user_signatures  0x00850000         0x00000400         rw !x
*default*        0x00000000         0xffffffff

Linker script and memory map

Address of section .data set to 0x800100
LOAD c:/users/eko henfri/dropbox/er2c.share/er2c robot education/program/adroit/adroit projects/tools/avr8-gnu-toolchain/bin/../lib/gcc/avr/4.8.1/../../../../avr/lib/avr51/crtm128.o
LOAD obj\Release\13. Line Tracer\main.o
LOAD c:/users/eko henfri/dropbox/er2c.share/er2c robot education/program/adroit/adroit projects/tools/avr8-gnu-toolchain/bin/../lib/gcc/avr/4.8.1/avr51\libgcc.a
LOAD c:/users/eko henfri/dropbox/er2c.share/er2c robot education/program/adroit/adroit projects/tools/avr8-gnu-toolchain/bin/../lib/gcc/avr/4.8.1/../../../../avr/lib/avr51\libm.a
START GROUP
LOAD c:/users/eko henfri/dropbox/er2c.share/er2c robot education/program/adroit/adroit projects/tools/avr8-gnu-toolchain/bin/../lib/gcc/avr/4.8.1/avr51\libgcc.a
LOAD c:/users/eko henfri/dropbox/er2c.share/er2c robot education/program/adroit/adroit projects/tools/avr8-gnu-toolchain/bin/../lib/gcc/avr/4.8.1/../../../../avr/lib/avr51\libm.a
LOAD c:/users/eko henfri/dropbox/er2c.share/er2c robot education/program/adroit/adroit projects/tools/avr8-gnu-toolchain/bin/../lib/gcc/avr/4.8.1/../../../../avr/lib/avr51\libc.a
END GROUP

.hash
 *(.hash)

.dynsym
 *(.dynsym)

.dynstr
 *(.dynstr)

.gnu.version
 *(.gnu.version)

.gnu.version_d
 *(.gnu.version_d)

.gnu.version_r
 *(.gnu.version_r)

.rel.init
 *(.rel.init)

.rela.init
 *(.rela.init)

.rel.text
 *(.rel.text)
 *(.rel.text.*)
 *(.rel.gnu.linkonce.t*)

.rela.text
 *(.rela.text)
 *(.rela.text.*)
 *(.rela.gnu.linkonce.t*)

.rel.fini
 *(.rel.fini)

.rela.fini
 *(.rela.fini)

.rel.rodata
 *(.rel.rodata)
 *(.rel.rodata.*)
 *(.rel.gnu.linkonce.r*)

.rela.rodata
 *(.rela.rodata)
 *(.rela.rodata.*)
 *(.rela.gnu.linkonce.r*)

.rel.data
 *(.rel.data)
 *(.rel.data.*)
 *(.rel.gnu.linkonce.d*)

.rela.data
 *(.rela.data)
 *(.rela.data.*)
 *(.rela.gnu.linkonce.d*)

.rel.ctors
 *(.rel.ctors)

.rela.ctors
 *(.rela.ctors)

.rel.dtors
 *(.rel.dtors)

.rela.dtors
 *(.rela.dtors)

.rel.got
 *(.rel.got)

.rela.got
 *(.rela.got)

.rel.bss
 *(.rel.bss)

.rela.bss
 *(.rela.bss)

.rel.plt
 *(.rel.plt)

.rela.plt
 *(.rela.plt)

.text           0x00000000     0x169e
 *(.vectors)
 .vectors       0x00000000       0x8c c:/users/eko henfri/dropbox/er2c.share/er2c robot education/program/adroit/adroit projects/tools/avr8-gnu-toolchain/bin/../lib/gcc/avr/4.8.1/../../../../avr/lib/avr51/crtm128.o
                0x00000000                __vector_default
                0x00000000                __vectors
 *(.vectors)
 *(.progmem.gcc*)
                0x0000008c                . = ALIGN (0x2)
                0x0000008c                __trampolines_start = .
 *(.trampolines)
 .trampolines   0x0000008c        0x0 linker stubs
 *(.trampolines*)
                0x0000008c                __trampolines_end = .
 *(.progmem*)
                0x0000008c                . = ALIGN (0x2)
 *(.jumptables)
 *(.jumptables*)
 *(.lowtext)
 *(.lowtext*)
                0x0000008c                __ctors_start = .
 *(.ctors)
 .ctors         0x0000008c        0x2 obj\Release\13. Line Tracer\main.o
                0x0000008e                __ctors_end = .
                0x0000008e                __dtors_start = .
 *(.dtors)
                0x0000008e                __dtors_end = .
 SORT(*)(.ctors)
 SORT(*)(.dtors)
 *(.init0)
 .init0         0x0000008e        0x0 c:/users/eko henfri/dropbox/er2c.share/er2c robot education/program/adroit/adroit projects/tools/avr8-gnu-toolchain/bin/../lib/gcc/avr/4.8.1/../../../../avr/lib/avr51/crtm128.o
                0x0000008e                __init
 *(.init0)
 *(.init1)
 *(.init1)
 *(.init2)
 .init2         0x0000008e        0xc c:/users/eko henfri/dropbox/er2c.share/er2c robot education/program/adroit/adroit projects/tools/avr8-gnu-toolchain/bin/../lib/gcc/avr/4.8.1/../../../../avr/lib/avr51/crtm128.o
 *(.init2)
 *(.init3)
 *(.init3)
 *(.init4)
 .init4         0x0000009a       0x1a c:/users/eko henfri/dropbox/er2c.share/er2c robot education/program/adroit/adroit projects/tools/avr8-gnu-toolchain/bin/../lib/gcc/avr/4.8.1/avr51\libgcc.a(_copy_data.o)
                0x0000009a                __do_copy_data
 .init4         0x000000b4       0x10 c:/users/eko henfri/dropbox/er2c.share/er2c robot education/program/adroit/adroit projects/tools/avr8-gnu-toolchain/bin/../lib/gcc/avr/4.8.1/avr51\libgcc.a(_clear_bss.o)
                0x000000b4                __do_clear_bss
 *(.init4)
 *(.init5)
 *(.init5)
 *(.init6)
 .init6         0x000000c4       0x20 c:/users/eko henfri/dropbox/er2c.share/er2c robot education/program/adroit/adroit projects/tools/avr8-gnu-toolchain/bin/../lib/gcc/avr/4.8.1/avr51\libgcc.a(_ctors.o)
                0x000000c4                __do_global_ctors
 *(.init6)
 *(.init7)
 *(.init7)
 *(.init8)
 *(.init8)
 *(.init9)
 .init9         0x000000e4        0x8 c:/users/eko henfri/dropbox/er2c.share/er2c robot education/program/adroit/adroit projects/tools/avr8-gnu-toolchain/bin/../lib/gcc/avr/4.8.1/../../../../avr/lib/avr51/crtm128.o
 *(.init9)
 *(.text)
 .text          0x000000ec        0x4 c:/users/eko henfri/dropbox/er2c.share/er2c robot education/program/adroit/adroit projects/tools/avr8-gnu-toolchain/bin/../lib/gcc/avr/4.8.1/../../../../avr/lib/avr51/crtm128.o
                0x000000ec                __vector_22
                0x000000ec                __vector_1
                0x000000ec                __vector_32
                0x000000ec                __vector_34
                0x000000ec                __vector_24
                0x000000ec                __vector_12
                0x000000ec                __bad_interrupt
                0x000000ec                __vector_6
                0x000000ec                __vector_31
                0x000000ec                __vector_3
                0x000000ec                __vector_23
                0x000000ec                __vector_25
                0x000000ec                __vector_13
                0x000000ec                __vector_17
                0x000000ec                __vector_19
                0x000000ec                __vector_27
                0x000000ec                __vector_5
                0x000000ec                __vector_33
                0x000000ec                __vector_4
                0x000000ec                __vector_2
                0x000000ec                __vector_21
                0x000000ec                __vector_15
                0x000000ec                __vector_29
                0x000000ec                __vector_26
                0x000000ec                __vector_10
                0x000000ec                __vector_16
                0x000000ec                __vector_18
                0x000000ec                __vector_20
                0x000000f0                . = ALIGN (0x2)
 *(.text.*)
 .text._ZN5myLCD9BackLightEh.part.5
                0x000000f0        0x8 obj\Release\13. Line Tracer\main.o
 .text._Z8delay_msj
                0x000000f8       0x14 obj\Release\13. Line Tracer\main.o
                0x000000f8                _Z8delay_msj
 .text.__vector_30
                0x0000010c       0x84 obj\Release\13. Line Tracer\main.o
                0x0000010c                __vector_30
 .text._Z11BacaSerial1j
                0x00000190       0x50 obj\Release\13. Line Tracer\main.o
                0x00000190                _Z11BacaSerial1j
 .text._Z8putchar1a
                0x000001e0        0xe obj\Release\13. Line Tracer\main.o
                0x000001e0                _Z8putchar1a
 .text._ZN7myServoC2Ev
                0x000001ee       0x16 obj\Release\13. Line Tracer\main.o
                0x000001ee                _ZN7myServoC1Ev
                0x000001ee                _ZN7myServoC2Ev
 .text._ZN7myMotorC2Ev
                0x00000204       0x20 obj\Release\13. Line Tracer\main.o
                0x00000204                _ZN7myMotorC1Ev
                0x00000204                _ZN7myMotorC2Ev
 .text._ZN7myMotor8SpeedPWMEii
                0x00000224       0x46 obj\Release\13. Line Tracer\main.o
                0x00000224                _ZN7myMotor8SpeedPWMEii
 .text._ZN7myMotor4StopEv
                0x0000026a       0x1c obj\Release\13. Line Tracer\main.o
                0x0000026a                _ZN7myMotor4StopEv
 .text._ZN7myMotor16HitungPIDmotorKaEv
                0x00000286       0x70 obj\Release\13. Line Tracer\main.o
                0x00000286                _ZN7myMotor16HitungPIDmotorKaEv
 .text._ZN7myMotor16HitungPIDmotorKiEv
                0x000002f6       0x70 obj\Release\13. Line Tracer\main.o
                0x000002f6                _ZN7myMotor16HitungPIDmotorKiEv
 .text._ZN8myBuzzer3OffEv
                0x00000366        0x8 obj\Release\13. Line Tracer\main.o
                0x00000366                _ZN8myBuzzer3OffEv
 .text._ZN8myBuzzer12SetFrekwensiEj
                0x0000036e       0x80 obj\Release\13. Line Tracer\main.o
                0x0000036e                _ZN8myBuzzer12SetFrekwensiEj
 .text._ZN8myBuzzer4BeepEjj
                0x000003ee       0x24 obj\Release\13. Line Tracer\main.o
                0x000003ee                _ZN8myBuzzer4BeepEjj
 .text._ZN8myBuzzer5Nada1Ev
                0x00000412       0x6a obj\Release\13. Line Tracer\main.o
                0x00000412                _ZN8myBuzzer5Nada1Ev
 .text._ZN5myLCD7InitCmdEh
                0x0000047c       0x12 obj\Release\13. Line Tracer\main.o
                0x0000047c                _ZN5myLCD7InitCmdEh
 .text._ZN5myLCD8PerintahEh
                0x0000048e       0x56 obj\Release\13. Line Tracer\main.o
                0x0000048e                _ZN5myLCD8PerintahEh
 .text._ZN5myLCD4DataEh
                0x000004e4       0x52 obj\Release\13. Line Tracer\main.o
                0x000004e4                _ZN5myLCD4DataEh
 .text._ZN5myLCD4InitEv
                0x00000536       0x96 obj\Release\13. Line Tracer\main.o
                0x00000536                _ZN5myLCD4InitEv
 .text._ZN5myLCD6GotoXYEhh
                0x000005cc        0xe obj\Release\13. Line Tracer\main.o
                0x000005cc                _ZN5myLCD6GotoXYEhh
 .text._ZN5myLCD4TextEPKc
                0x000005da       0x24 obj\Release\13. Line Tracer\main.o
                0x000005da                _ZN5myLCD4TextEPKc
 .text._ZN5myLCD5TulisEhPKc
                0x000005fe       0x24 obj\Release\13. Line Tracer\main.o
                0x000005fe                _ZN5myLCD5TulisEhPKc
 .text._ZN5myLCD5HapusEv
                0x00000622       0x14 obj\Release\13. Line Tracer\main.o
                0x00000622                _ZN5myLCD5HapusEv
 .text._ZN5myLCD10HapusKananEh
                0x00000636       0x4a obj\Release\13. Line Tracer\main.o
                0x00000636                _ZN5myLCD10HapusKananEh
 .text._ZN5myLCD11HapusTengahEh
                0x00000680       0x78 obj\Release\13. Line Tracer\main.o
                0x00000680                _ZN5myLCD11HapusTengahEh
 .text._ZN5myLCD12HapusPinggirEh
                0x000006f8       0x7a obj\Release\13. Line Tracer\main.o
                0x000006f8                _ZN5myLCD12HapusPinggirEh
 .text._ZN5myLCD9TulisKiriEhPKc
                0x00000772       0x62 obj\Release\13. Line Tracer\main.o
                0x00000772                _ZN5myLCD9TulisKiriEhPKc
 .text._ZN5myLCD10TulisKananEhPKc
                0x000007d4       0x72 obj\Release\13. Line Tracer\main.o
                0x000007d4                _ZN5myLCD10TulisKananEhPKc
 .text._ZN5myLCD11TulisTengahEhPKc
                0x00000846       0xb0 obj\Release\13. Line Tracer\main.o
                0x00000846                _ZN5myLCD11TulisTengahEhPKc
 .text._ZN5myLCD12TulisPinggirEhPKc
                0x000008f6       0xb2 obj\Release\13. Line Tracer\main.o
                0x000008f6                _ZN5myLCD12TulisPinggirEhPKc
 .text._ZN5myLCD5BinerEh
                0x000009a8       0x46 obj\Release\13. Line Tracer\main.o
                0x000009a8                _ZN5myLCD5BinerEh
 .text._ZN5myLCD9BackLightEh
                0x000009ee        0xe obj\Release\13. Line Tracer\main.o
                0x000009ee                _ZN5myLCD9BackLightEh
 .text._ZN5myADC4BacaEh
                0x000009fc       0x20 obj\Release\13. Line Tracer\main.o
                0x000009fc                _ZN5myADC4BacaEh
 .text._ZN5myADC10BacaBatereEv
                0x00000a1c       0x1e obj\Release\13. Line Tracer\main.o
                0x00000a1c                _ZN5myADC10BacaBatereEv
 .text._ZN5myADC9CekBatereEv
                0x00000a3a       0xae obj\Release\13. Line Tracer\main.o
                0x00000a3a                _ZN5myADC9CekBatereEv
 .text._ZN13mySensorGaris9BacaGarisEhh
                0x00000ae8       0x3a obj\Release\13. Line Tracer\main.o
                0x00000ae8                _ZN13mySensorGaris9BacaGarisEhh
 .text._ZN13mySensorGaris21TungguTombolKalibrasiEhh
                0x00000b22       0x22 obj\Release\13. Line Tracer\main.o
                0x00000b22                _ZN13mySensorGaris21TungguTombolKalibrasiEhh
 .text._ZN13mySensorGaris11PesanSensorEv
                0x00000b44       0x16 obj\Release\13. Line Tracer\main.o
                0x00000b44                _ZN13mySensorGaris11PesanSensorEv
 .text._ZN13mySensorGaris22PesanKalibrasiBerhasilEv
                0x00000b5a       0x12 obj\Release\13. Line Tracer\main.o
                0x00000b5a                _ZN13mySensorGaris22PesanKalibrasiBerhasilEv
 .text._ZN13mySensorGaris19PesanKalibrasiGagalEv
                0x00000b6c       0x12 obj\Release\13. Line Tracer\main.o
                0x00000b6c                _ZN13mySensorGaris19PesanKalibrasiGagalEv
 .text._ZN13mySensorGaris11KalibrasiRBEh
                0x00000b7e      0x122 obj\Release\13. Line Tracer\main.o
                0x00000b7e                _ZN13mySensorGaris11KalibrasiRBEh
 .text._ZN8myAdroit4StopEv
                0x00000ca0       0x10 obj\Release\13. Line Tracer\main.o
                0x00000ca0                _ZN8myAdroit4StopEv
 .text._ZN8myAdroit13PutarKananPIDEhh
                0x00000cb0       0x18 obj\Release\13. Line Tracer\main.o
                0x00000cb0                _ZN8myAdroit13PutarKananPIDEhh
 .text._ZN11myScanGarisC2Ev
                0x00000cc8       0x1e obj\Release\13. Line Tracer\main.o
                0x00000cc8                _ZN11myScanGarisC2Ev
                0x00000cc8                _ZN11myScanGarisC1Ev
 .text._ZN11myScanGaris9CekSensorEhhPh
                0x00000ce6       0x96 obj\Release\13. Line Tracer\main.o
                0x00000ce6                _ZN11myScanGaris9CekSensorEhhPh
 .text._ZN11myScanGaris17UpdateSensorGarisEhh
                0x00000d7c       0x3c obj\Release\13. Line Tracer\main.o
                0x00000d7c                _ZN11myScanGaris17UpdateSensorGarisEhh
 .text._ZN11myScanGaris21UpdateSensorPertigaanEhh
                0x00000db8       0x3c obj\Release\13. Line Tracer\main.o
                0x00000db8                _ZN11myScanGaris21UpdateSensorPertigaanEhh
 .text._ZN11myScanGaris4ScanEj
                0x00000df4      0x166 obj\Release\13. Line Tracer\main.o
                0x00000df4                _ZN11myScanGaris4ScanEj
 .text._ZN11myScanGaris11ScanCounterEji
                0x00000f5a       0xbc obj\Release\13. Line Tracer\main.o
                0x00000f5a                _ZN11myScanGaris11ScanCounterEji
 .text._ZN11myScanGaris10Scan3KananEj
                0x00001016       0x94 obj\Release\13. Line Tracer\main.o
                0x00001016                _ZN11myScanGaris10Scan3KananEj
 .text._ZN11myScanGaris22TungguSensorKananBelokEv
                0x000010aa       0x50 obj\Release\13. Line Tracer\main.o
                0x000010aa                _ZN11myScanGaris22TungguSensorKananBelokEv
 .text._ZN11myScanGaris18BelokKananGarisPIDEhh
                0x000010fa       0x14 obj\Release\13. Line Tracer\main.o
                0x000010fa                _ZN11myScanGaris18BelokKananGarisPIDEhh
 .text._ZN11myScanGaris14ScanBelokKananEjhjhh
                0x0000110e       0x3c obj\Release\13. Line Tracer\main.o
                0x0000110e                _ZN11myScanGaris14ScanBelokKananEjhjhh
 .text.__vector_7
                0x0000114a       0x4e obj\Release\13. Line Tracer\main.o
                0x0000114a                __vector_7
 .text.__vector_8
                0x00001198       0x4e obj\Release\13. Line Tracer\main.o
                0x00001198                __vector_8
 .text.__vector_28
                0x000011e6       0x44 obj\Release\13. Line Tracer\main.o
                0x000011e6                __vector_28
 .text.__vector_11
                0x0000122a       0x36 obj\Release\13. Line Tracer\main.o
                0x0000122a                __vector_11
 .text.__vector_14
                0x00001260       0x16 obj\Release\13. Line Tracer\main.o
                0x00001260                __vector_14
 .text.__vector_9
                0x00001276       0xba obj\Release\13. Line Tracer\main.o
                0x00001276                __vector_9
 .text._Z10SystemInitv
                0x00001330      0x198 obj\Release\13. Line Tracer\main.o
                0x00001330                _Z10SystemInitv
 .text.startup.main
                0x000014c8      0x11c obj\Release\13. Line Tracer\main.o
                0x000014c8                main
 .text.startup._GLOBAL__sub_I__Z8delay_msj
                0x000015e4       0x1a obj\Release\13. Line Tracer\main.o
 .text.libgcc.div
                0x000015fe       0x28 c:/users/eko henfri/dropbox/er2c.share/er2c robot education/program/adroit/adroit projects/tools/avr8-gnu-toolchain/bin/../lib/gcc/avr/4.8.1/avr51\libgcc.a(_udivmodhi4.o)
                0x000015fe                __udivmodhi4
 .text.libgcc.div
                0x00001626       0x28 c:/users/eko henfri/dropbox/er2c.share/er2c robot education/program/adroit/adroit projects/tools/avr8-gnu-toolchain/bin/../lib/gcc/avr/4.8.1/avr51\libgcc.a(_divmodhi4.o)
                0x00001626                _div
                0x00001626                __divmodhi4
 .text.libgcc.div
                0x0000164e       0x44 c:/users/eko henfri/dropbox/er2c.share/er2c robot education/program/adroit/adroit projects/tools/avr8-gnu-toolchain/bin/../lib/gcc/avr/4.8.1/avr51\libgcc.a(_udivmodsi4.o)
                0x0000164e                __udivmodsi4
 .text.libgcc   0x00001692        0x8 c:/users/eko henfri/dropbox/er2c.share/er2c robot education/program/adroit/adroit projects/tools/avr8-gnu-toolchain/bin/../lib/gcc/avr/4.8.1/avr51\libgcc.a(_tablejump_elpm.o)
                0x00001692                __tablejump_elpm__
                0x0000169a                . = ALIGN (0x2)
 *(.fini9)
 .fini9         0x0000169a        0x0 c:/users/eko henfri/dropbox/er2c.share/er2c robot education/program/adroit/adroit projects/tools/avr8-gnu-toolchain/bin/../lib/gcc/avr/4.8.1/avr51\libgcc.a(_exit.o)
                0x0000169a                _exit
                0x0000169a                exit
 *(.fini9)
 *(.fini8)
 *(.fini8)
 *(.fini7)
 *(.fini7)
 *(.fini6)
 *(.fini6)
 *(.fini5)
 *(.fini5)
 *(.fini4)
 *(.fini4)
 *(.fini3)
 *(.fini3)
 *(.fini2)
 *(.fini2)
 *(.fini1)
 *(.fini1)
 *(.fini0)
 .fini0         0x0000169a        0x4 c:/users/eko henfri/dropbox/er2c.share/er2c robot education/program/adroit/adroit projects/tools/avr8-gnu-toolchain/bin/../lib/gcc/avr/4.8.1/avr51\libgcc.a(_exit.o)
 *(.fini0)
                0x0000169e                _etext = .

.data           0x00800100      0x13c load address 0x0000169e
                0x00800100                PROVIDE (__data_start, .)
 *(.data)
 .data          0x00800100        0x2 obj\Release\13. Line Tracer\main.o
 *(.data*)
 *(.rodata)
 *(.rodata*)
 .rodata.str1.1
                0x00800102      0x13a obj\Release\13. Line Tracer\main.o
 *(.gnu.linkonce.d*)
                0x0080023c                . = ALIGN (0x2)
                0x0080023c                _edata = .
                0x0080023c                PROVIDE (__data_end, .)

.bss            0x0080023c       0x2e
                0x0080023c                PROVIDE (__bss_start, .)
 *(.bss)
 .bss           0x0080023c       0x2e obj\Release\13. Line Tracer\main.o
                0x0080023c                xxx
                0x0080023e                sensor
                0x0080023f                i2c
                0x00800240                adc
                0x00800241                lcd
                0x00800242                buzzer
                0x00800243                roda
                0x0080024d                servo
                0x0080024e                rx_buffer_overflow1
                0x0080024f                rx_counter1
                0x00800250                rx_rd_index1
                0x00800251                rx_wr_index1
                0x00800252                rx_buffer1
 *(.bss*)
 *(COMMON)
                0x0080026a                PROVIDE (__bss_end, .)
                0x0000169e                __data_load_start = LOADADDR (.data)
                0x000017da                __data_load_end = (__data_load_start + SIZEOF (.data))

.noinit         0x0080026a        0x0
                0x0080026a                PROVIDE (__noinit_start, .)
 *(.noinit*)
                0x0080026a                PROVIDE (__noinit_end, .)
                0x0080026a                _end = .
                0x0080026a                PROVIDE (__heap_start, .)

.eeprom         0x00810000        0x0
 *(.eeprom*)
                0x00810000                __eeprom_end = .

.fuse
 *(.fuse)
 *(.lfuse)
 *(.hfuse)
 *(.efuse)

.lock
 *(.lock*)

.signature
 *(.signature*)

.user_signatures
 *(.user_signatures*)

.stab
 *(.stab)

.stabstr
 *(.stabstr)

.stab.excl
 *(.stab.excl)

.stab.exclstr
 *(.stab.exclstr)

.stab.index
 *(.stab.index)

.stab.indexstr
 *(.stab.indexstr)

.comment        0x00000000       0x30
 *(.comment)
 .comment       0x00000000       0x30 obj\Release\13. Line Tracer\main.o
                                 0x31 (size before relaxing)

.note.gnu.build-id
 *(.note.gnu.build-id)

.debug
 *(.debug)

.line
 *(.line)

.debug_srcinfo
 *(.debug_srcinfo)

.debug_sfnames
 *(.debug_sfnames)

.debug_aranges
 *(.debug_aranges)

.debug_pubnames
 *(.debug_pubnames)

.debug_info
 *(.debug_info .gnu.linkonce.wi.*)

.debug_abbrev
 *(.debug_abbrev)

.debug_line
 *(.debug_line .debug_line.* .debug_line_end)

.debug_frame
 *(.debug_frame)

.debug_str
 *(.debug_str)

.debug_loc
 *(.debug_loc)

.debug_macinfo
 *(.debug_macinfo)

.debug_weaknames
 *(.debug_weaknames)

.debug_funcnames
 *(.debug_funcnames)

.debug_typenames
 *(.debug_typenames)

.debug_varnames
 *(.debug_varnames)

.debug_pubtypes
 *(.debug_pubtypes)

.debug_ranges
 *(.debug_ranges)

.debug_macro
 *(.debug_macro)
OUTPUT(bin\Release\Line_Tracer.elf elf32-avr)
LOAD linker stubs

Cross Reference Table

Symbol                                            File
BacaSerial1(unsigned int)                         obj\Release\13. Line Tracer\main.o
KirimAngka3s(int)                                 obj\Release\13. Line Tracer\main.o
KirimAngka3u(unsigned int)                        obj\Release\13. Line Tracer\main.o
KirimAngka4s(int)                                 obj\Release\13. Line Tracer\main.o
KirimAngka4u(int)                                 obj\Release\13. Line Tracer\main.o
KirimAngka5s(int)                                 obj\Release\13. Line Tracer\main.o
KirimAngka5u(unsigned int)                        obj\Release\13. Line Tracer\main.o
SystemInit()                                      obj\Release\13. Line Tracer\main.o
__addsf3                                          c:/users/eko henfri/dropbox/er2c.share/er2c robot education/program/adroit/adroit projects/tools/avr8-gnu-toolchain/bin/../lib/gcc/avr/4.8.1/../../../../avr/lib/avr51\libm.a(addsf3.o)
__addsf3x                                         c:/users/eko henfri/dropbox/er2c.share/er2c robot education/program/adroit/adroit projects/tools/avr8-gnu-toolchain/bin/../lib/gcc/avr/4.8.1/../../../../avr/lib/avr51\libm.a(addsf3x.o)
                                                  c:/users/eko henfri/dropbox/er2c.share/er2c robot education/program/adroit/adroit projects/tools/avr8-gnu-toolchain/bin/../lib/gcc/avr/4.8.1/../../../../avr/lib/avr51\libm.a(addsf3.o)
__bad_interrupt                                   c:/users/eko henfri/dropbox/er2c.share/er2c robot education/program/adroit/adroit projects/tools/avr8-gnu-toolchain/bin/../lib/gcc/avr/4.8.1/../../../../avr/lib/avr51/crtm128.o
__bss_end                                         c:/users/eko henfri/dropbox/er2c.share/er2c robot education/program/adroit/adroit projects/tools/avr8-gnu-toolchain/bin/../lib/gcc/avr/4.8.1/avr51\libgcc.a(_clear_bss.o)
__bss_start                                       c:/users/eko henfri/dropbox/er2c.share/er2c robot education/program/adroit/adroit projects/tools/avr8-gnu-toolchain/bin/../lib/gcc/avr/4.8.1/avr51\libgcc.a(_clear_bss.o)
__cmpsf2                                          c:/users/eko henfri/dropbox/er2c.share/er2c robot education/program/adroit/adroit projects/tools/avr8-gnu-toolchain/bin/../lib/gcc/avr/4.8.1/../../../../avr/lib/avr51\libm.a(cmpsf2.o)
__ctors_end                                       c:/users/eko henfri/dropbox/er2c.share/er2c robot education/program/adroit/adroit projects/tools/avr8-gnu-toolchain/bin/../lib/gcc/avr/4.8.1/avr51\libgcc.a(_ctors.o)
__ctors_start                                     c:/users/eko henfri/dropbox/er2c.share/er2c robot education/program/adroit/adroit projects/tools/avr8-gnu-toolchain/bin/../lib/gcc/avr/4.8.1/avr51\libgcc.a(_ctors.o)
__data_end                                        c:/users/eko henfri/dropbox/er2c.share/er2c robot education/program/adroit/adroit projects/tools/avr8-gnu-toolchain/bin/../lib/gcc/avr/4.8.1/avr51\libgcc.a(_copy_data.o)
__data_load_start                                 c:/users/eko henfri/dropbox/er2c.share/er2c robot education/program/adroit/adroit projects/tools/avr8-gnu-toolchain/bin/../lib/gcc/avr/4.8.1/avr51\libgcc.a(_copy_data.o)
__data_start                                      c:/users/eko henfri/dropbox/er2c.share/er2c robot education/program/adroit/adroit projects/tools/avr8-gnu-toolchain/bin/../lib/gcc/avr/4.8.1/avr51\libgcc.a(_copy_data.o)
__divmodhi4                                       c:/users/eko henfri/dropbox/er2c.share/er2c robot education/program/adroit/adroit projects/tools/avr8-gnu-toolchain/bin/../lib/gcc/avr/4.8.1/avr51\libgcc.a(_divmodhi4.o)
                                                  obj\Release\13. Line Tracer\main.o
__do_clear_bss                                    c:/users/eko henfri/dropbox/er2c.share/er2c robot education/program/adroit/adroit projects/tools/avr8-gnu-toolchain/bin/../lib/gcc/avr/4.8.1/avr51\libgcc.a(_clear_bss.o)
                                                  obj\Release\13. Line Tracer\main.o
__do_copy_data                                    c:/users/eko henfri/dropbox/er2c.share/er2c robot education/program/adroit/adroit projects/tools/avr8-gnu-toolchain/bin/../lib/gcc/avr/4.8.1/avr51\libgcc.a(_copy_data.o)
                                                  obj\Release\13. Line Tracer\main.o
__do_global_ctors                                 c:/users/eko henfri/dropbox/er2c.share/er2c robot education/program/adroit/adroit projects/tools/avr8-gnu-toolchain/bin/../lib/gcc/avr/4.8.1/avr51\libgcc.a(_ctors.o)
                                                  obj\Release\13. Line Tracer\main.o
__eqsf2                                           c:/users/eko henfri/dropbox/er2c.share/er2c robot education/program/adroit/adroit projects/tools/avr8-gnu-toolchain/bin/../lib/gcc/avr/4.8.1/../../../../avr/lib/avr51\libm.a(cmpsf2.o)
__fixsfsi                                         c:/users/eko henfri/dropbox/er2c.share/er2c robot education/program/adroit/adroit projects/tools/avr8-gnu-toolchain/bin/../lib/gcc/avr/4.8.1/../../../../avr/lib/avr51\libm.a(fixsfsi.o)
                                                  obj\Release\13. Line Tracer\main.o
__fixunssfsi                                      c:/users/eko henfri/dropbox/er2c.share/er2c robot education/program/adroit/adroit projects/tools/avr8-gnu-toolchain/bin/../lib/gcc/avr/4.8.1/../../../../avr/lib/avr51\libm.a(fixunssfsi.o)
                                                  c:/users/eko henfri/dropbox/er2c.share/er2c robot education/program/adroit/adroit projects/tools/avr8-gnu-toolchain/bin/../lib/gcc/avr/4.8.1/../../../../avr/lib/avr51\libm.a(fixsfsi.o)
                                                  obj\Release\13. Line Tracer\main.o
__floatsisf                                       c:/users/eko henfri/dropbox/er2c.share/er2c robot education/program/adroit/adroit projects/tools/avr8-gnu-toolchain/bin/../lib/gcc/avr/4.8.1/../../../../avr/lib/avr51\libm.a(floatsisf.o)
                                                  obj\Release\13. Line Tracer\main.o
__floatunsisf                                     c:/users/eko henfri/dropbox/er2c.share/er2c robot education/program/adroit/adroit projects/tools/avr8-gnu-toolchain/bin/../lib/gcc/avr/4.8.1/../../../../avr/lib/avr51\libm.a(floatsisf.o)
__fp_cmp                                          c:/users/eko henfri/dropbox/er2c.share/er2c robot education/program/adroit/adroit projects/tools/avr8-gnu-toolchain/bin/../lib/gcc/avr/4.8.1/../../../../avr/lib/avr51\libm.a(fp_cmp.o)
                                                  c:/users/eko henfri/dropbox/er2c.share/er2c robot education/program/adroit/adroit projects/tools/avr8-gnu-toolchain/bin/../lib/gcc/avr/4.8.1/../../../../avr/lib/avr51\libm.a(cmpsf2.o)
__fp_inf                                          c:/users/eko henfri/dropbox/er2c.share/er2c robot education/program/adroit/adroit projects/tools/avr8-gnu-toolchain/bin/../lib/gcc/avr/4.8.1/../../../../avr/lib/avr51\libm.a(fp_inf.o)
                                                  c:/users/eko henfri/dropbox/er2c.share/er2c robot education/program/adroit/adroit projects/tools/avr8-gnu-toolchain/bin/../lib/gcc/avr/4.8.1/../../../../avr/lib/avr51\libm.a(mulsf3x.o)
                                                  c:/users/eko henfri/dropbox/er2c.share/er2c robot education/program/adroit/adroit projects/tools/avr8-gnu-toolchain/bin/../lib/gcc/avr/4.8.1/../../../../avr/lib/avr51\libm.a(addsf3x.o)
__fp_nan                                          c:/users/eko henfri/dropbox/er2c.share/er2c robot education/program/adroit/adroit projects/tools/avr8-gnu-toolchain/bin/../lib/gcc/avr/4.8.1/../../../../avr/lib/avr51\libm.a(fp_nan.o)
                                                  c:/users/eko henfri/dropbox/er2c.share/er2c robot education/program/adroit/adroit projects/tools/avr8-gnu-toolchain/bin/../lib/gcc/avr/4.8.1/../../../../avr/lib/avr51\libm.a(mulsf3x.o)
                                                  c:/users/eko henfri/dropbox/er2c.share/er2c robot education/program/adroit/adroit projects/tools/avr8-gnu-toolchain/bin/../lib/gcc/avr/4.8.1/../../../../avr/lib/avr51\libm.a(addsf3x.o)
__fp_pscA                                         c:/users/eko henfri/dropbox/er2c.share/er2c robot education/program/adroit/adroit projects/tools/avr8-gnu-toolchain/bin/../lib/gcc/avr/4.8.1/../../../../avr/lib/avr51\libm.a(fp_pscA.o)
                                                  c:/users/eko henfri/dropbox/er2c.share/er2c robot education/program/adroit/adroit projects/tools/avr8-gnu-toolchain/bin/../lib/gcc/avr/4.8.1/../../../../avr/lib/avr51\libm.a(mulsf3x.o)
                                                  c:/users/eko henfri/dropbox/er2c.share/er2c robot education/program/adroit/adroit projects/tools/avr8-gnu-toolchain/bin/../lib/gcc/avr/4.8.1/../../../../avr/lib/avr51\libm.a(addsf3x.o)
__fp_pscB                                         c:/users/eko henfri/dropbox/er2c.share/er2c robot education/program/adroit/adroit projects/tools/avr8-gnu-toolchain/bin/../lib/gcc/avr/4.8.1/../../../../avr/lib/avr51\libm.a(fp_pscB.o)
                                                  c:/users/eko henfri/dropbox/er2c.share/er2c robot education/program/adroit/adroit projects/tools/avr8-gnu-toolchain/bin/../lib/gcc/avr/4.8.1/../../../../avr/lib/avr51\libm.a(mulsf3x.o)
                                                  c:/users/eko henfri/dropbox/er2c.share/er2c robot education/program/adroit/adroit projects/tools/avr8-gnu-toolchain/bin/../lib/gcc/avr/4.8.1/../../../../avr/lib/avr51\libm.a(addsf3x.o)
__fp_round                                        c:/users/eko henfri/dropbox/er2c.share/er2c robot education/program/adroit/adroit projects/tools/avr8-gnu-toolchain/bin/../lib/gcc/avr/4.8.1/../../../../avr/lib/avr51\libm.a(fp_round.o)
                                                  c:/users/eko henfri/dropbox/er2c.share/er2c robot education/program/adroit/adroit projects/tools/avr8-gnu-toolchain/bin/../lib/gcc/avr/4.8.1/../../../../avr/lib/avr51\libm.a(mulsf3.o)
                                                  c:/users/eko henfri/dropbox/er2c.share/er2c robot education/program/adroit/adroit projects/tools/avr8-gnu-toolchain/bin/../lib/gcc/avr/4.8.1/../../../../avr/lib/avr51\libm.a(addsf3.o)
__fp_split3                                       c:/users/eko henfri/dropbox/er2c.share/er2c robot education/program/adroit/adroit projects/tools/avr8-gnu-toolchain/bin/../lib/gcc/avr/4.8.1/../../../../avr/lib/avr51\libm.a(fp_split3.o)
                                                  c:/users/eko henfri/dropbox/er2c.share/er2c robot education/program/adroit/adroit projects/tools/avr8-gnu-toolchain/bin/../lib/gcc/avr/4.8.1/../../../../avr/lib/avr51\libm.a(mulsf3x.o)
                                                  c:/users/eko henfri/dropbox/er2c.share/er2c robot education/program/adroit/adroit projects/tools/avr8-gnu-toolchain/bin/../lib/gcc/avr/4.8.1/../../../../avr/lib/avr51\libm.a(addsf3x.o)
__fp_splitA                                       c:/users/eko henfri/dropbox/er2c.share/er2c robot education/program/adroit/adroit projects/tools/avr8-gnu-toolchain/bin/../lib/gcc/avr/4.8.1/../../../../avr/lib/avr51\libm.a(fp_split3.o)
                                                  c:/users/eko henfri/dropbox/er2c.share/er2c robot education/program/adroit/adroit projects/tools/avr8-gnu-toolchain/bin/../lib/gcc/avr/4.8.1/../../../../avr/lib/avr51\libm.a(fixunssfsi.o)
__fp_szero                                        c:/users/eko henfri/dropbox/er2c.share/er2c robot education/program/adroit/adroit projects/tools/avr8-gnu-toolchain/bin/../lib/gcc/avr/4.8.1/../../../../avr/lib/avr51\libm.a(fp_zero.o)
                                                  c:/users/eko henfri/dropbox/er2c.share/er2c robot education/program/adroit/adroit projects/tools/avr8-gnu-toolchain/bin/../lib/gcc/avr/4.8.1/../../../../avr/lib/avr51\libm.a(mulsf3x.o)
                                                  c:/users/eko henfri/dropbox/er2c.share/er2c robot education/program/adroit/adroit projects/tools/avr8-gnu-toolchain/bin/../lib/gcc/avr/4.8.1/../../../../avr/lib/avr51\libm.a(fixsfsi.o)
__fp_zero                                         c:/users/eko henfri/dropbox/er2c.share/er2c robot education/program/adroit/adroit projects/tools/avr8-gnu-toolchain/bin/../lib/gcc/avr/4.8.1/../../../../avr/lib/avr51\libm.a(fp_zero.o)
                                                  c:/users/eko henfri/dropbox/er2c.share/er2c robot education/program/adroit/adroit projects/tools/avr8-gnu-toolchain/bin/../lib/gcc/avr/4.8.1/../../../../avr/lib/avr51\libm.a(fixunssfsi.o)
                                                  c:/users/eko henfri/dropbox/er2c.share/er2c robot education/program/adroit/adroit projects/tools/avr8-gnu-toolchain/bin/../lib/gcc/avr/4.8.1/../../../../avr/lib/avr51\libm.a(addsf3x.o)
__heap_end                                        c:/users/eko henfri/dropbox/er2c.share/er2c robot education/program/adroit/adroit projects/tools/avr8-gnu-toolchain/bin/../lib/gcc/avr/4.8.1/../../../../avr/lib/avr51/crtm128.o
__init                                            c:/users/eko henfri/dropbox/er2c.share/er2c robot education/program/adroit/adroit projects/tools/avr8-gnu-toolchain/bin/../lib/gcc/avr/4.8.1/../../../../avr/lib/avr51/crtm128.o
__lesf2                                           c:/users/eko henfri/dropbox/er2c.share/er2c robot education/program/adroit/adroit projects/tools/avr8-gnu-toolchain/bin/../lib/gcc/avr/4.8.1/../../../../avr/lib/avr51\libm.a(cmpsf2.o)
__ltsf2                                           c:/users/eko henfri/dropbox/er2c.share/er2c robot education/program/adroit/adroit projects/tools/avr8-gnu-toolchain/bin/../lib/gcc/avr/4.8.1/../../../../avr/lib/avr51\libm.a(cmpsf2.o)
                                                  obj\Release\13. Line Tracer\main.o
__mulsf3                                          c:/users/eko henfri/dropbox/er2c.share/er2c robot education/program/adroit/adroit projects/tools/avr8-gnu-toolchain/bin/../lib/gcc/avr/4.8.1/../../../../avr/lib/avr51\libm.a(mulsf3.o)
                                                  obj\Release\13. Line Tracer\main.o
__mulsf3_pse                                      c:/users/eko henfri/dropbox/er2c.share/er2c robot education/program/adroit/adroit projects/tools/avr8-gnu-toolchain/bin/../lib/gcc/avr/4.8.1/../../../../avr/lib/avr51\libm.a(mulsf3x.o)
__mulsf3x                                         c:/users/eko henfri/dropbox/er2c.share/er2c robot education/program/adroit/adroit projects/tools/avr8-gnu-toolchain/bin/../lib/gcc/avr/4.8.1/../../../../avr/lib/avr51\libm.a(mulsf3x.o)
                                                  c:/users/eko henfri/dropbox/er2c.share/er2c robot education/program/adroit/adroit projects/tools/avr8-gnu-toolchain/bin/../lib/gcc/avr/4.8.1/../../../../avr/lib/avr51\libm.a(mulsf3.o)
__nesf2                                           c:/users/eko henfri/dropbox/er2c.share/er2c robot education/program/adroit/adroit projects/tools/avr8-gnu-toolchain/bin/../lib/gcc/avr/4.8.1/../../../../avr/lib/avr51\libm.a(cmpsf2.o)
__stack                                           c:/users/eko henfri/dropbox/er2c.share/er2c robot education/program/adroit/adroit projects/tools/avr8-gnu-toolchain/bin/../lib/gcc/avr/4.8.1/../../../../avr/lib/avr51/crtm128.o
__subsf3                                          c:/users/eko henfri/dropbox/er2c.share/er2c robot education/program/adroit/adroit projects/tools/avr8-gnu-toolchain/bin/../lib/gcc/avr/4.8.1/../../../../avr/lib/avr51\libm.a(addsf3.o)
                                                  obj\Release\13. Line Tracer\main.o
__tablejump_elpm__                                c:/users/eko henfri/dropbox/er2c.share/er2c robot education/program/adroit/adroit projects/tools/avr8-gnu-toolchain/bin/../lib/gcc/avr/4.8.1/avr51\libgcc.a(_tablejump_elpm.o)
                                                  c:/users/eko henfri/dropbox/er2c.share/er2c robot education/program/adroit/adroit projects/tools/avr8-gnu-toolchain/bin/../lib/gcc/avr/4.8.1/avr51\libgcc.a(_ctors.o)
__udivmodhi4                                      c:/users/eko henfri/dropbox/er2c.share/er2c robot education/program/adroit/adroit projects/tools/avr8-gnu-toolchain/bin/../lib/gcc/avr/4.8.1/avr51\libgcc.a(_udivmodhi4.o)
                                                  c:/users/eko henfri/dropbox/er2c.share/er2c robot education/program/adroit/adroit projects/tools/avr8-gnu-toolchain/bin/../lib/gcc/avr/4.8.1/avr51\libgcc.a(_divmodhi4.o)
                                                  obj\Release\13. Line Tracer\main.o
__udivmodqi4                                      c:/users/eko henfri/dropbox/er2c.share/er2c robot education/program/adroit/adroit projects/tools/avr8-gnu-toolchain/bin/../lib/gcc/avr/4.8.1/avr51\libgcc.a(_udivmodqi4.o)
                                                  obj\Release\13. Line Tracer\main.o
__udivmodsi4                                      c:/users/eko henfri/dropbox/er2c.share/er2c robot education/program/adroit/adroit projects/tools/avr8-gnu-toolchain/bin/../lib/gcc/avr/4.8.1/avr51\libgcc.a(_udivmodsi4.o)
                                                  obj\Release\13. Line Tracer\main.o
__vector_1                                        c:/users/eko henfri/dropbox/er2c.share/er2c robot education/program/adroit/adroit projects/tools/avr8-gnu-toolchain/bin/../lib/gcc/avr/4.8.1/../../../../avr/lib/avr51/crtm128.o
__vector_10                                       c:/users/eko henfri/dropbox/er2c.share/er2c robot education/program/adroit/adroit projects/tools/avr8-gnu-toolchain/bin/../lib/gcc/avr/4.8.1/../../../../avr/lib/avr51/crtm128.o
__vector_11                                       obj\Release\13. Line Tracer\main.o
                                                  c:/users/eko henfri/dropbox/er2c.share/er2c robot education/program/adroit/adroit projects/tools/avr8-gnu-toolchain/bin/../lib/gcc/avr/4.8.1/../../../../avr/lib/avr51/crtm128.o
__vector_12                                       c:/users/eko henfri/dropbox/er2c.share/er2c robot education/program/adroit/adroit projects/tools/avr8-gnu-toolchain/bin/../lib/gcc/avr/4.8.1/../../../../avr/lib/avr51/crtm128.o
__vector_13                                       c:/users/eko henfri/dropbox/er2c.share/er2c robot education/program/adroit/adroit projects/tools/avr8-gnu-toolchain/bin/../lib/gcc/avr/4.8.1/../../../../avr/lib/avr51/crtm128.o
__vector_14                                       obj\Release\13. Line Tracer\main.o
                                                  c:/users/eko henfri/dropbox/er2c.share/er2c robot education/program/adroit/adroit projects/tools/avr8-gnu-toolchain/bin/../lib/gcc/avr/4.8.1/../../../../avr/lib/avr51/crtm128.o
__vector_15                                       c:/users/eko henfri/dropbox/er2c.share/er2c robot education/program/adroit/adroit projects/tools/avr8-gnu-toolchain/bin/../lib/gcc/avr/4.8.1/../../../../avr/lib/avr51/crtm128.o
__vector_16                                       c:/users/eko henfri/dropbox/er2c.share/er2c robot education/program/adroit/adroit projects/tools/avr8-gnu-toolchain/bin/../lib/gcc/avr/4.8.1/../../../../avr/lib/avr51/crtm128.o
__vector_17                                       c:/users/eko henfri/dropbox/er2c.share/er2c robot education/program/adroit/adroit projects/tools/avr8-gnu-toolchain/bin/../lib/gcc/avr/4.8.1/../../../../avr/lib/avr51/crtm128.o
__vector_18                                       c:/users/eko henfri/dropbox/er2c.share/er2c robot education/program/adroit/adroit projects/tools/avr8-gnu-toolchain/bin/../lib/gcc/avr/4.8.1/../../../../avr/lib/avr51/crtm128.o
__vector_19                                       c:/users/eko henfri/dropbox/er2c.share/er2c robot education/program/adroit/adroit projects/tools/avr8-gnu-toolchain/bin/../lib/gcc/avr/4.8.1/../../../../avr/lib/avr51/crtm128.o
__vector_2                                        c:/users/eko henfri/dropbox/er2c.share/er2c robot education/program/adroit/adroit projects/tools/avr8-gnu-toolchain/bin/../lib/gcc/avr/4.8.1/../../../../avr/lib/avr51/crtm128.o
__vector_20                                       c:/users/eko henfri/dropbox/er2c.share/er2c robot education/program/adroit/adroit projects/tools/avr8-gnu-toolchain/bin/../lib/gcc/avr/4.8.1/../../../../avr/lib/avr51/crtm128.o
__vector_21                                       c:/users/eko henfri/dropbox/er2c.share/er2c robot education/program/adroit/adroit projects/tools/avr8-gnu-toolchain/bin/../lib/gcc/avr/4.8.1/../../../../avr/lib/avr51/crtm128.o
__vector_22                                       c:/users/eko henfri/dropbox/er2c.share/er2c robot education/program/adroit/adroit projects/tools/avr8-gnu-toolchain/bin/../lib/gcc/avr/4.8.1/../../../../avr/lib/avr51/crtm128.o
__vector_23                                       c:/users/eko henfri/dropbox/er2c.share/er2c robot education/program/adroit/adroit projects/tools/avr8-gnu-toolchain/bin/../lib/gcc/avr/4.8.1/../../../../avr/lib/avr51/crtm128.o
__vector_24                                       c:/users/eko henfri/dropbox/er2c.share/er2c robot education/program/adroit/adroit projects/tools/avr8-gnu-toolchain/bin/../lib/gcc/avr/4.8.1/../../../../avr/lib/avr51/crtm128.o
__vector_25                                       c:/users/eko henfri/dropbox/er2c.share/er2c robot education/program/adroit/adroit projects/tools/avr8-gnu-toolchain/bin/../lib/gcc/avr/4.8.1/../../../../avr/lib/avr51/crtm128.o
__vector_26                                       c:/users/eko henfri/dropbox/er2c.share/er2c robot education/program/adroit/adroit projects/tools/avr8-gnu-toolchain/bin/../lib/gcc/avr/4.8.1/../../../../avr/lib/avr51/crtm128.o
__vector_27                                       c:/users/eko henfri/dropbox/er2c.share/er2c robot education/program/adroit/adroit projects/tools/avr8-gnu-toolchain/bin/../lib/gcc/avr/4.8.1/../../../../avr/lib/avr51/crtm128.o
__vector_28                                       obj\Release\13. Line Tracer\main.o
                                                  c:/users/eko henfri/dropbox/er2c.share/er2c robot education/program/adroit/adroit projects/tools/avr8-gnu-toolchain/bin/../lib/gcc/avr/4.8.1/../../../../avr/lib/avr51/crtm128.o
__vector_29                                       c:/users/eko henfri/dropbox/er2c.share/er2c robot education/program/adroit/adroit projects/tools/avr8-gnu-toolchain/bin/../lib/gcc/avr/4.8.1/../../../../avr/lib/avr51/crtm128.o
__vector_3                                        c:/users/eko henfri/dropbox/er2c.share/er2c robot education/program/adroit/adroit projects/tools/avr8-gnu-toolchain/bin/../lib/gcc/avr/4.8.1/../../../../avr/lib/avr51/crtm128.o
__vector_30                                       obj\Release\13. Line Tracer\main.o
                                                  c:/users/eko henfri/dropbox/er2c.share/er2c robot education/program/adroit/adroit projects/tools/avr8-gnu-toolchain/bin/../lib/gcc/avr/4.8.1/../../../../avr/lib/avr51/crtm128.o
__vector_31                                       c:/users/eko henfri/dropbox/er2c.share/er2c robot education/program/adroit/adroit projects/tools/avr8-gnu-toolchain/bin/../lib/gcc/avr/4.8.1/../../../../avr/lib/avr51/crtm128.o
__vector_32                                       c:/users/eko henfri/dropbox/er2c.share/er2c robot education/program/adroit/adroit projects/tools/avr8-gnu-toolchain/bin/../lib/gcc/avr/4.8.1/../../../../avr/lib/avr51/crtm128.o
__vector_33                                       c:/users/eko henfri/dropbox/er2c.share/er2c robot education/program/adroit/adroit projects/tools/avr8-gnu-toolchain/bin/../lib/gcc/avr/4.8.1/../../../../avr/lib/avr51/crtm128.o
__vector_34                                       c:/users/eko henfri/dropbox/er2c.share/er2c robot education/program/adroit/adroit projects/tools/avr8-gnu-toolchain/bin/../lib/gcc/avr/4.8.1/../../../../avr/lib/avr51/crtm128.o
__vector_4                                        c:/users/eko henfri/dropbox/er2c.share/er2c robot education/program/adroit/adroit projects/tools/avr8-gnu-toolchain/bin/../lib/gcc/avr/4.8.1/../../../../avr/lib/avr51/crtm128.o
__vector_5                                        c:/users/eko henfri/dropbox/er2c.share/er2c robot education/program/adroit/adroit projects/tools/avr8-gnu-toolchain/bin/../lib/gcc/avr/4.8.1/../../../../avr/lib/avr51/crtm128.o
__vector_6                                        c:/users/eko henfri/dropbox/er2c.share/er2c robot education/program/adroit/adroit projects/tools/avr8-gnu-toolchain/bin/../lib/gcc/avr/4.8.1/../../../../avr/lib/avr51/crtm128.o
__vector_7                                        obj\Release\13. Line Tracer\main.o
                                                  c:/users/eko henfri/dropbox/er2c.share/er2c robot education/program/adroit/adroit projects/tools/avr8-gnu-toolchain/bin/../lib/gcc/avr/4.8.1/../../../../avr/lib/avr51/crtm128.o
__vector_8                                        obj\Release\13. Line Tracer\main.o
                                                  c:/users/eko henfri/dropbox/er2c.share/er2c robot education/program/adroit/adroit projects/tools/avr8-gnu-toolchain/bin/../lib/gcc/avr/4.8.1/../../../../avr/lib/avr51/crtm128.o
__vector_9                                        obj\Release\13. Line Tracer\main.o
                                                  c:/users/eko henfri/dropbox/er2c.share/er2c robot education/program/adroit/adroit projects/tools/avr8-gnu-toolchain/bin/../lib/gcc/avr/4.8.1/../../../../avr/lib/avr51/crtm128.o
__vector_default                                  c:/users/eko henfri/dropbox/er2c.share/er2c robot education/program/adroit/adroit projects/tools/avr8-gnu-toolchain/bin/../lib/gcc/avr/4.8.1/../../../../avr/lib/avr51/crtm128.o
__vectors                                         c:/users/eko henfri/dropbox/er2c.share/er2c robot education/program/adroit/adroit projects/tools/avr8-gnu-toolchain/bin/../lib/gcc/avr/4.8.1/../../../../avr/lib/avr51/crtm128.o
_div                                              c:/users/eko henfri/dropbox/er2c.share/er2c robot education/program/adroit/adroit projects/tools/avr8-gnu-toolchain/bin/../lib/gcc/avr/4.8.1/avr51\libgcc.a(_divmodhi4.o)
_exit                                             c:/users/eko henfri/dropbox/er2c.share/er2c robot education/program/adroit/adroit projects/tools/avr8-gnu-toolchain/bin/../lib/gcc/avr/4.8.1/avr51\libgcc.a(_exit.o)
adc                                               obj\Release\13. Line Tracer\main.o
buzzer                                            obj\Release\13. Line Tracer\main.o
cabs(signed char)                                 obj\Release\13. Line Tracer\main.o
delay_ms(unsigned int)                            obj\Release\13. Line Tracer\main.o
exit                                              c:/users/eko henfri/dropbox/er2c.share/er2c robot education/program/adroit/adroit projects/tools/avr8-gnu-toolchain/bin/../lib/gcc/avr/4.8.1/avr51\libgcc.a(_exit.o)
                                                  c:/users/eko henfri/dropbox/er2c.share/er2c robot education/program/adroit/adroit projects/tools/avr8-gnu-toolchain/bin/../lib/gcc/avr/4.8.1/../../../../avr/lib/avr51/crtm128.o
fabs(float)                                       obj\Release\13. Line Tracer\main.o
getchar1()                                        obj\Release\13. Line Tracer\main.o
i2c                                               obj\Release\13. Line Tracer\main.o
iabs(int)                                         obj\Release\13. Line Tracer\main.o
invSqrt(float)                                    obj\Release\13. Line Tracer\main.o
inverse(float)                                    obj\Release\13. Line Tracer\main.o
lcd                                               obj\Release\13. Line Tracer\main.o
main                                              obj\Release\13. Line Tracer\main.o
                                                  c:/users/eko henfri/dropbox/er2c.share/er2c robot education/program/adroit/adroit projects/tools/avr8-gnu-toolchain/bin/../lib/gcc/avr/4.8.1/../../../../avr/lib/avr51/crtm128.o
myADC::Baca(unsigned char)                        obj\Release\13. Line Tracer\main.o
myADC::BacaBatere()                               obj\Release\13. Line Tracer\main.o
myADC::CekBatere()                                obj\Release\13. Line Tracer\main.o
myADC::myADC()                                    obj\Release\13. Line Tracer\main.o
myADC::myADC()                                    obj\Release\13. Line Tracer\main.o
myAdroit::MajuPID(unsigned char, unsigned char)   obj\Release\13. Line Tracer\main.o
myAdroit::MajuPWM(unsigned int, unsigned int)     obj\Release\13. Line Tracer\main.o
myAdroit::MundurPID(unsigned char, unsigned char) obj\Release\13. Line Tracer\main.o
myAdroit::MundurPWM(unsigned int, unsigned int)   obj\Release\13. Line Tracer\main.o
myAdroit::PutarKananPID(unsigned char, unsigned char) obj\Release\13. Line Tracer\main.o
myAdroit::PutarKananPWM(unsigned int, unsigned int) obj\Release\13. Line Tracer\main.o
myAdroit::PutarKiriPID(unsigned char, unsigned char) obj\Release\13. Line Tracer\main.o
myAdroit::PutarKiriPWM(unsigned int, unsigned int) obj\Release\13. Line Tracer\main.o
myAdroit::Stop()                                  obj\Release\13. Line Tracer\main.o
myBuzzer::Beep(unsigned int, unsigned int)        obj\Release\13. Line Tracer\main.o
myBuzzer::Nada1()                                 obj\Release\13. Line Tracer\main.o
myBuzzer::Nada2()                                 obj\Release\13. Line Tracer\main.o
myBuzzer::Nada3()                                 obj\Release\13. Line Tracer\main.o
myBuzzer::Nada4()                                 obj\Release\13. Line Tracer\main.o
myBuzzer::NadaError()                             obj\Release\13. Line Tracer\main.o
myBuzzer::Off()                                   obj\Release\13. Line Tracer\main.o
myBuzzer::SetFrekwensi(unsigned int)              obj\Release\13. Line Tracer\main.o
myI2C::Init()                                     obj\Release\13. Line Tracer\main.o
myI2C::ReadAck()                                  obj\Release\13. Line Tracer\main.o
myI2C::ReadBit(unsigned char, unsigned char, unsigned char, unsigned char*) obj\Release\13. Line Tracer\main.o
myI2C::ReadBits(unsigned char, unsigned char, unsigned char, unsigned char, unsigned char*) obj\Release\13. Line Tracer\main.o
myI2C::ReadByte(unsigned char, unsigned char, unsigned char*) obj\Release\13. Line Tracer\main.o
myI2C::ReadBytesReverse(unsigned char, unsigned char, unsigned char, unsigned char*) obj\Release\13. Line Tracer\main.o
myI2C::ReadNak()                                  obj\Release\13. Line Tracer\main.o
myI2C::Rep_Start(unsigned char)                   obj\Release\13. Line Tracer\main.o
myI2C::Start(unsigned char)                       obj\Release\13. Line Tracer\main.o
myI2C::Start_Wait(unsigned char)                  obj\Release\13. Line Tracer\main.o
myI2C::Stop()                                     obj\Release\13. Line Tracer\main.o
myI2C::Write(unsigned char)                       obj\Release\13. Line Tracer\main.o
myI2C::WriteBit(unsigned char, unsigned char, unsigned char, unsigned char) obj\Release\13. Line Tracer\main.o
myI2C::WriteBits(unsigned char, unsigned char, unsigned char, unsigned char, unsigned char) obj\Release\13. Line Tracer\main.o
myI2C::WriteByte(unsigned char, unsigned char, unsigned char) obj\Release\13. Line Tracer\main.o
myI2C::WriteBytes(unsigned char, unsigned char, unsigned char, unsigned char*) obj\Release\13. Line Tracer\main.o
myLCD::Angka3(int)                                obj\Release\13. Line Tracer\main.o
myLCD::Angka3u(unsigned int)                      obj\Release\13. Line Tracer\main.o
myLCD::Angka4(int)                                obj\Release\13. Line Tracer\main.o
myLCD::Angka4u(unsigned int)                      obj\Release\13. Line Tracer\main.o
myLCD::Angka5(int)                                obj\Release\13. Line Tracer\main.o
myLCD::Angka5u(unsigned int)                      obj\Release\13. Line Tracer\main.o
myLCD::BackLight(unsigned char)                   obj\Release\13. Line Tracer\main.o
myLCD::Biner(unsigned char)                       obj\Release\13. Line Tracer\main.o
myLCD::Data(unsigned char)                        obj\Release\13. Line Tracer\main.o
myLCD::Float(float, unsigned char)                obj\Release\13. Line Tracer\main.o
myLCD::GotoXY(unsigned char, unsigned char)       obj\Release\13. Line Tracer\main.o
myLCD::Hapus()                                    obj\Release\13. Line Tracer\main.o
myLCD::HapusBaris(unsigned char)                  obj\Release\13. Line Tracer\main.o
myLCD::HapusKanan(unsigned char)                  obj\Release\13. Line Tracer\main.o
myLCD::HapusKiri(unsigned char)                   obj\Release\13. Line Tracer\main.o
myLCD::HapusPinggir(unsigned char)                obj\Release\13. Line Tracer\main.o
myLCD::HapusTengah(unsigned char)                 obj\Release\13. Line Tracer\main.o
myLCD::Init()                                     obj\Release\13. Line Tracer\main.o
myLCD::InitCmd(unsigned char)                     obj\Release\13. Line Tracer\main.o
myLCD::Perintah(unsigned char)                    obj\Release\13. Line Tracer\main.o
myLCD::Text(char const*)                          obj\Release\13. Line Tracer\main.o
myLCD::Tulis(unsigned char, char const*)          obj\Release\13. Line Tracer\main.o
myLCD::TulisKanan(unsigned char, char const*)     obj\Release\13. Line Tracer\main.o
myLCD::TulisKiri(unsigned char, char const*)      obj\Release\13. Line Tracer\main.o
myLCD::TulisPinggir(unsigned char, char const*)   obj\Release\13. Line Tracer\main.o
myLCD::TulisTengah(unsigned char, char const*)    obj\Release\13. Line Tracer\main.o
myLCD::sByte(signed char)                         obj\Release\13. Line Tracer\main.o
myLCD::uByte(unsigned char)                       obj\Release\13. Line Tracer\main.o
myMotor::HitungPIDmotorKa()                       obj\Release\13. Line Tracer\main.o
myMotor::HitungPIDmotorKi()                       obj\Release\13. Line Tracer\main.o
myMotor::SpeedPID(signed char, signed char)       obj\Release\13. Line Tracer\main.o
myMotor::SpeedPWM(int, int)                       obj\Release\13. Line Tracer\main.o
myMotor::Stop()                                   obj\Release\13. Line Tracer\main.o
myMotor::myMotor()                                obj\Release\13. Line Tracer\main.o
myMotor::myMotor()                                obj\Release\13. Line Tracer\main.o
myScanGaris::BelokKananGarisPID(unsigned char, unsigned char) obj\Release\13. Line Tracer\main.o
myScanGaris::BelokKananGarisPWM(unsigned int, unsigned int) obj\Release\13. Line Tracer\main.o
myScanGaris::BelokKiriGarisPID(unsigned char, unsigned char) obj\Release\13. Line Tracer\main.o
myScanGaris::BelokKiriGarisPWM(unsigned int, unsigned int) obj\Release\13. Line Tracer\main.o
myScanGaris::CekSensor(unsigned char, unsigned char, unsigned char*) obj\Release\13. Line Tracer\main.o
myScanGaris::Scan(unsigned int)                   obj\Release\13. Line Tracer\main.o
myScanGaris::Scan3Kanan(unsigned int)             obj\Release\13. Line Tracer\main.o
myScanGaris::Scan3Kiri(unsigned int)              obj\Release\13. Line Tracer\main.o
myScanGaris::ScanBelokKanan(unsigned int, unsigned char, unsigned int, unsigned char, unsigned char) obj\Release\13. Line Tracer\main.o
myScanGaris::ScanBelokKiri(unsigned int, unsigned char, unsigned int, unsigned char, unsigned char) obj\Release\13. Line Tracer\main.o
myScanGaris::ScanCounter(unsigned int, int)       obj\Release\13. Line Tracer\main.o
myScanGaris::SetArahRobot(unsigned char)          obj\Release\13. Line Tracer\main.o
myScanGaris::TungguSensorKananBelok()             obj\Release\13. Line Tracer\main.o
myScanGaris::TungguSensorKiriBelok()              obj\Release\13. Line Tracer\main.o
myScanGaris::UpdateSensorGaris(unsigned char, unsigned char) obj\Release\13. Line Tracer\main.o
myScanGaris::UpdateSensorPertigaan(unsigned char, unsigned char) obj\Release\13. Line Tracer\main.o
myScanGaris::myScanGaris()                        obj\Release\13. Line Tracer\main.o
myScanGaris::myScanGaris()                        obj\Release\13. Line Tracer\main.o
mySensorGaris::BacaGaris(unsigned char, unsigned char) obj\Release\13. Line Tracer\main.o
mySensorGaris::KalibrasiRB(unsigned char)         obj\Release\13. Line Tracer\main.o
mySensorGaris::KalibrasiRGB(unsigned char)        obj\Release\13. Line Tracer\main.o
mySensorGaris::PesanKalibrasiBerhasil()           obj\Release\13. Line Tracer\main.o
mySensorGaris::PesanKalibrasiGagal()              obj\Release\13. Line Tracer\main.o
mySensorGaris::PesanSensor()                      obj\Release\13. Line Tracer\main.o
mySensorGaris::TungguTombolKalibrasi(unsigned char, unsigned char) obj\Release\13. Line Tracer\main.o
myServo::HitungSudut(unsigned char)               obj\Release\13. Line Tracer\main.o
myServo::HitungSudut2(unsigned char)              obj\Release\13. Line Tracer\main.o
myServo::myServo()                                obj\Release\13. Line Tracer\main.o
myServo::myServo()                                obj\Release\13. Line Tracer\main.o
putchar1(signed char)                             obj\Release\13. Line Tracer\main.o
roda                                              obj\Release\13. Line Tracer\main.o
rx_buffer1                                        obj\Release\13. Line Tracer\main.o
rx_buffer_overflow1                               obj\Release\13. Line Tracer\main.o
rx_counter1                                       obj\Release\13. Line Tracer\main.o
rx_rd_index1                                      obj\Release\13. Line Tracer\main.o
rx_wr_index1                                      obj\Release\13. Line Tracer\main.o
sensor                                            obj\Release\13. Line Tracer\main.o
servo                                             obj\Release\13. Line Tracer\main.o
xxx                                               obj\Release\13. Line Tracer\main.o
